PSR with SBends and Sextupoles ON
 'OBJET'                                                                                                      1
4869.14813176
5
0.001 0.01  0.001 0.01  0.001 0.0001  ! dY/cm dT/mr dZ/cm dP/mr dS/cm dD/1
0.    0.    0.    0.    0.    1.      ! Y0/cm T0/m0 Z0/cm P0/m0 S0/cm D0/1
 
 'PARTICUL'                                                                                                   2
PROTON
 
 'SCALING'                                                                                                    3
1 1
MULTIPOL SEXT
-1
0.
1
 
 'OPTIONS'                                                                                                    4
1 1
WRITE OFF
 
!=== Los Alamos PSR Lattice ===
!--- cell 0 ---
 'DRIFT'                                                                                                      5
228.646
 'MULTIPOL'  QUAD  QD                                                                                         6
0  .Quad
50.000  10.000  0. -2.68  0.  0.  0.  0.  0.  0.  0.  0.
0.000   0.00   0.  1.00  0.  0.  0.  0.  0.  0.  0.
6  0.1122 6.2671 -1.4982 3.5882 -2.1209 1.723
0.000   0.00   0.  1.00  0.  0.  0.  0.  0.  0.  0.
6  0.1122 6.2671 -1.4982 3.5882 -2.1209 1.723
0.  0.  0.  0.  0.  0.  0.  0.  0.  0.
2.0  ! cm
1  0.  0.  0.
 
 
 'DRIFT'                                                                                                      7
45.000
 'CHANGREF'                                                                                                   8
0.  0.  -18.
 'BEND'     SBEND  B                                                                                          9
0  .Bend
250.774920140843  0.   12.
0. 0. 0. ! bend-fringe
4  0.2401  1.8639  -0.5572  0.3904  0.  0.
0. 0. 0. ! bend-fringe
4  0.2401  1.8639  -0.5572  0.3904  0.  0.
0.5  ! dS-bend / cm
1  0.  0.  0.
 'CHANGREF'                                                                                                  10
0.  0.  -18.
 'DRIFT'                                                                                                     11
45.000
 'MULTIPOL'  QUAD  QF                                                                                        12
0  .Quad
50.000  10.000  0.  1.95  0.  0.  0.  0.  0.  0.  0.  0.
0.000   0.00   0.  1.00  0.  0.  0.  0.  0.  0.  0.
6  0.1122 6.2671 -1.4982 3.5882 -2.1209 1.723
0.000   0.00   0.  1.00  0.  0.  0.  0.  0.  0.  0.
6  0.1122 6.2671 -1.4982 3.5882 -2.1209 1.723
0.  0.  0.  0.  0.  0.  0.  0.  0.  0.
2.0  ! cm
1 0. 0. 0.
 'DRIFT'                                                                                                     13
228.646
 
!--- cell T ---
 'DRIFT'                                                                                                     14
228.646
 'MULTIPOL'  QUAD  QD                                                                                        15
0  .Quad
50.000  10.000  0. -2.68  0.  0.  0.  0.  0.  0.  0.  0.
0.000   0.00   0.  1.00  0.  0.  0.  0.  0.  0.  0.
6  0.1122 6.2671 -1.4982 3.5882 -2.1209 1.723
0.000   0.00   0.  1.00  0.  0.  0.  0.  0.  0.  0.
6  0.1122 6.2671 -1.4982 3.5882 -2.1209 1.723
0.  0.  0.  0.  0.  0.  0.  0.  0.  0.
2.0  ! cm
1  0.  0.  0.
 'DRIFT'                                                                                                     16
45.000
 'CHANGREF'                                                                                                  17
0.  0.  -18.
 'BEND'     SBEND  B                                                                                         18
0  .Bend
250.774920140843  0.   12.
0. 0. 0. ! bend-fringe
4  0.2401  1.8639  -0.5572  0.3904  0.  0.
0. 0. 0. ! bend-fringe
4  0.2401  1.8639  -0.5572  0.3904  0.  0.
0.5  ! dS-bend / cm
1  0.  0.  0.
 'CHANGREF'                                                                                                  19
0.  0.  -18.
 'DRIFT'                                                                                                     20
45.000
 'MULTIPOL'  QUAD  QF                                                                                        21
0  .Quad
50.000  10.000  0.  1.95  0.  0.  0.  0.  0.  0.  0.  0.
0.000   0.00   0.  1.00  0.  0.  0.  0.  0.  0.  0.
6  0.1122 6.2671 -1.4982 3.5882 -2.1209 1.723
0.000   0.00   0.  1.00  0.  0.  0.  0.  0.  0.  0.
6  0.1122 6.2671 -1.4982 3.5882 -2.1209 1.723
0.  0.  0.  0.  0.  0.  0.  0.  0.  0.
2.0  ! cm
1 0. 0. 0.
 'DRIFT'                                                                                                     22
30.000
 'MULTIPOL'  SEXT  SF                                                                                        23
0  .Sext
50.000  10.000  0.  0.  0.16  0.  0.  0.  0.  0.  0.  0.
0.000   0.00   0.  0.  1.00  0.  0.  0.  0.  0.  0.
6  0.1122 6.2671 -1.4982 3.5882 -2.1209 1.723
0.000   0.00   0.  0.  1.00  0.  0.  0.  0.  0.  0.
6  0.1122 6.2671 -1.4982 3.5882 -2.1209 1.723
0.  0.  0.  0.  0.  0.  0.  0.  0.  0.
2.0  ! cm
1  0.  0.  0.
 'DRIFT'                                                                                                     24
148.646
 
!--- cell L ---
 'DRIFT'                                                                                                     25
148.646
 'MULTIPOL'  SEXT  SD                                                                                        26
0  .Sext
50.000  10.000  0.  0. -0.24  0.  0.  0.  0.  0.  0.  0.
0.000   0.00   0.  0.  1.00  0.  0.  0.  0.  0.  0.
6  0.1122 6.2671 -1.4982 3.5882 -2.1209 1.723
0.000   0.00   0.  0.  1.00  0.  0.  0.  0.  0.  0.
6  0.1122 6.2671 -1.4982 3.5882 -2.1209 1.723
0.  0.  0.  0.  0.  0.  0.  0.  0.  0.
2.0  ! cm
1  0.  0.  0.
 'DRIFT'                                                                                                     27
30.000
 'MULTIPOL'  QUAD  QD                                                                                        28
0  .Quad
50.000  10.000  0. -2.68  0.  0.  0.  0.  0.  0.  0.  0.
0.000   0.00   0.  1.00  0.  0.  0.  0.  0.  0.  0.
6  0.1122 6.2671 -1.4982 3.5882 -2.1209 1.723
0.000   0.00   0.  1.00  0.  0.  0.  0.  0.  0.  0.
6  0.1122 6.2671 -1.4982 3.5882 -2.1209 1.723
0.  0.  0.  0.  0.  0.  0.  0.  0.  0.
2.0  ! cm
1  0.  0.  0.
 'DRIFT'                                                                                                     29
45.000
 'CHANGREF'                                                                                                  30
0.  0.  -18.
 'BEND'     SBEND  B                                                                                         31
0  .Bend
250.774920140843  0.   12.
0. 0. 0. ! bend-fringe
4  0.2401  1.8639  -0.5572  0.3904  0.  0.
0. 0. 0. ! bend-fringe
4  0.2401  1.8639  -0.5572  0.3904  0.  0.
0.5  ! dS-bend / cm
1  0.  0.  0.
 'CHANGREF'                                                                                                  32
0.  0.  -18.
 'DRIFT'                                                                                                     33
45.000
 'MULTIPOL'  QUAD  QF                                                                                        34
0  .Quad
50.000  10.000  0.  1.95  0.  0.  0.  0.  0.  0.  0.  0.
0.000   0.00   0.  1.00  0.  0.  0.  0.  0.  0.  0.
6  0.1122 6.2671 -1.4982 3.5882 -2.1209 1.723
0.000   0.00   0.  1.00  0.  0.  0.  0.  0.  0.  0.
6  0.1122 6.2671 -1.4982 3.5882 -2.1209 1.723
0.  0.  0.  0.  0.  0.  0.  0.  0.  0.
2.0  ! cm
1 0. 0. 0.
 'DRIFT'                                                                                                     35
228.646
 
!--- cell 0 ---
 'DRIFT'                                                                                                     36
228.646
 'MULTIPOL'  QUAD  QD                                                                                        37
0  .Quad
50.000  10.000  0. -2.68  0.  0.  0.  0.  0.  0.  0.  0.
0.000   0.00   0.  1.00  0.  0.  0.  0.  0.  0.  0.
6  0.1122 6.2671 -1.4982 3.5882 -2.1209 1.723
0.000   0.00   0.  1.00  0.  0.  0.  0.  0.  0.  0.
6  0.1122 6.2671 -1.4982 3.5882 -2.1209 1.723
0.  0.  0.  0.  0.  0.  0.  0.  0.  0.
2.0  ! cm
1  0.  0.  0.
 'DRIFT'                                                                                                     38
45.000
 'CHANGREF'                                                                                                  39
0.  0.  -18.
 'BEND'     SBEND  B                                                                                         40
0  .Bend
250.774920140843  0.   12.
0. 0. 0. ! bend-fringe
4  0.2401  1.8639  -0.5572  0.3904  0.  0.
0. 0. 0. ! bend-fringe
4  0.2401  1.8639  -0.5572  0.3904  0.  0.
0.5  ! dS-bend / cm
1  0.  0.  0.
 'CHANGREF'                                                                                                  41
0.  0.  -18.
 'DRIFT'                                                                                                     42
45.000
 'MULTIPOL'  QUAD  QF                                                                                        43
0  .Quad
50.000  10.000  0.  1.95  0.  0.  0.  0.  0.  0.  0.  0.
0.000   0.00   0.  1.00  0.  0.  0.  0.  0.  0.  0.
6  0.1122 6.2671 -1.4982 3.5882 -2.1209 1.723
0.000   0.00   0.  1.00  0.  0.  0.  0.  0.  0.  0.
6  0.1122 6.2671 -1.4982 3.5882 -2.1209 1.723
0.  0.  0.  0.  0.  0.  0.  0.  0.  0.
2.0  ! cm
1 0. 0. 0.
 'DRIFT'                                                                                                     44
228.646
 
!--- cell 0 ---
 'DRIFT'                                                                                                     45
228.646
 'MULTIPOL'  QUAD  QD                                                                                        46
0  .Quad
50.000  10.000  0. -2.68  0.  0.  0.  0.  0.  0.  0.  0.
0.000   0.00   0.  1.00  0.  0.  0.  0.  0.  0.  0.
6  0.1122 6.2671 -1.4982 3.5882 -2.1209 1.723
0.000   0.00   0.  1.00  0.  0.  0.  0.  0.  0.  0.
6  0.1122 6.2671 -1.4982 3.5882 -2.1209 1.723
0.  0.  0.  0.  0.  0.  0.  0.  0.  0.
2.0  ! cm
1  0.  0.  0.
 'DRIFT'                                                                                                     47
45.000
 'CHANGREF'                                                                                                  48
0.  0.  -18.
 'BEND'     SBEND  B                                                                                         49
0  .Bend
250.774920140843  0.   12.
0. 0. 0. ! bend-fringe
4  0.2401  1.8639  -0.5572  0.3904  0.  0.
0. 0. 0. ! bend-fringe
4  0.2401  1.8639  -0.5572  0.3904  0.  0.
0.5  ! dS-bend / cm
1  0.  0.  0.
 'CHANGREF'                                                                                                  50
0.  0.  -18.
 'DRIFT'                                                                                                     51
45.000
 'MULTIPOL'  QUAD  QF                                                                                        52
0  .Quad
50.000  10.000  0.  1.95  0.  0.  0.  0.  0.  0.  0.  0.
0.000   0.00   0.  1.00  0.  0.  0.  0.  0.  0.  0.
6  0.1122 6.2671 -1.4982 3.5882 -2.1209 1.723
0.000   0.00   0.  1.00  0.  0.  0.  0.  0.  0.  0.
6  0.1122 6.2671 -1.4982 3.5882 -2.1209 1.723
0.  0.  0.  0.  0.  0.  0.  0.  0.  0.
2.0  ! cm
1 0. 0. 0.
 'DRIFT'                                                                                                     53
228.646
 
!--- cell 0 ---
 'DRIFT'                                                                                                     54
228.646
 'MULTIPOL'  QUAD  QD                                                                                        55
0  .Quad
50.000  10.000  0. -2.68  0.  0.  0.  0.  0.  0.  0.  0.
0.000   0.00   0.  1.00  0.  0.  0.  0.  0.  0.  0.
6  0.1122 6.2671 -1.4982 3.5882 -2.1209 1.723
0.000   0.00   0.  1.00  0.  0.  0.  0.  0.  0.  0.
6  0.1122 6.2671 -1.4982 3.5882 -2.1209 1.723
0.  0.  0.  0.  0.  0.  0.  0.  0.  0.
2.0  ! cm
1  0.  0.  0.
 'DRIFT'                                                                                                     56
45.000
 'CHANGREF'                                                                                                  57
0.  0.  -18.
 'BEND'     SBEND  B                                                                                         58
0  .Bend
250.774920140843  0.   12.
0. 0. 0. ! bend-fringe
4  0.2401  1.8639  -0.5572  0.3904  0.  0.
0. 0. 0. ! bend-fringe
4  0.2401  1.8639  -0.5572  0.3904  0.  0.
0.5  ! dS-bend / cm
1  0.  0.  0.
 'CHANGREF'                                                                                                  59
0.  0.  -18.
 'DRIFT'                                                                                                     60
45.000
 'MULTIPOL'  QUAD  QF                                                                                        61
0  .Quad
50.000  10.000  0.  1.95  0.  0.  0.  0.  0.  0.  0.  0.
0.000   0.00   0.  1.00  0.  0.  0.  0.  0.  0.  0.
6  0.1122 6.2671 -1.4982 3.5882 -2.1209 1.723
0.000   0.00   0.  1.00  0.  0.  0.  0.  0.  0.  0.
6  0.1122 6.2671 -1.4982 3.5882 -2.1209 1.723
0.  0.  0.  0.  0.  0.  0.  0.  0.  0.
2.0  ! cm
1 0. 0. 0.
 'DRIFT'                                                                                                     62
228.646
 
!--- cell T ---
 'DRIFT'                                                                                                     63
228.646
 'MULTIPOL'  QUAD  QD                                                                                        64
0  .Quad
50.000  10.000  0. -2.68  0.  0.  0.  0.  0.  0.  0.  0.
0.000   0.00   0.  1.00  0.  0.  0.  0.  0.  0.  0.
6  0.1122 6.2671 -1.4982 3.5882 -2.1209 1.723
0.000   0.00   0.  1.00  0.  0.  0.  0.  0.  0.  0.
6  0.1122 6.2671 -1.4982 3.5882 -2.1209 1.723
0.  0.  0.  0.  0.  0.  0.  0.  0.  0.
2.0  ! cm
1  0.  0.  0.
 'DRIFT'                                                                                                     65
45.000
 'CHANGREF'                                                                                                  66
0.  0.  -18.
 'BEND'     SBEND  B                                                                                         67
0  .Bend
250.774920140843  0.   12.
0. 0. 0. ! bend-fringe
4  0.2401  1.8639  -0.5572  0.3904  0.  0.
0. 0. 0. ! bend-fringe
4  0.2401  1.8639  -0.5572  0.3904  0.  0.
0.5  ! dS-bend / cm
1  0.  0.  0.
 'CHANGREF'                                                                                                  68
0.  0.  -18.
 'DRIFT'                                                                                                     69
45.000
 'MULTIPOL'  QUAD  QF                                                                                        70
0  .Quad
50.000  10.000  0.  1.95  0.  0.  0.  0.  0.  0.  0.  0.
0.000   0.00   0.  1.00  0.  0.  0.  0.  0.  0.  0.
6  0.1122 6.2671 -1.4982 3.5882 -2.1209 1.723
0.000   0.00   0.  1.00  0.  0.  0.  0.  0.  0.  0.
6  0.1122 6.2671 -1.4982 3.5882 -2.1209 1.723
0.  0.  0.  0.  0.  0.  0.  0.  0.  0.
2.0  ! cm
1 0. 0. 0.
 'DRIFT'                                                                                                     71
30.000
 'MULTIPOL'  SEXT  SF                                                                                        72
0  .Sext
50.000  10.000  0.  0.  0.16  0.  0.  0.  0.  0.  0.  0.
0.000   0.00   0.  0.  1.00  0.  0.  0.  0.  0.  0.
6  0.1122 6.2671 -1.4982 3.5882 -2.1209 1.723
0.000   0.00   0.  0.  1.00  0.  0.  0.  0.  0.  0.
6  0.1122 6.2671 -1.4982 3.5882 -2.1209 1.723
0.  0.  0.  0.  0.  0.  0.  0.  0.  0.
2.0  ! cm
1  0.  0.  0.
 'DRIFT'                                                                                                     73
148.646
 
!--- cell L ---
 'DRIFT'                                                                                                     74
148.646
 'MULTIPOL'  SEXT  SD                                                                                        75
0  .Sext
50.000  10.000  0.  0. -0.24  0.  0.  0.  0.  0.  0.  0.
0.000   0.00   0.  0.  1.00  0.  0.  0.  0.  0.  0.
6  0.1122 6.2671 -1.4982 3.5882 -2.1209 1.723
0.000   0.00   0.  0.  1.00  0.  0.  0.  0.  0.  0.
6  0.1122 6.2671 -1.4982 3.5882 -2.1209 1.723
0.  0.  0.  0.  0.  0.  0.  0.  0.  0.
2.0  ! cm
1  0.  0.  0.
 'DRIFT'                                                                                                     76
30.000
 'MULTIPOL'  QUAD  QD                                                                                        77
0  .Quad
50.000  10.000  0. -2.68  0.  0.  0.  0.  0.  0.  0.  0.
0.000   0.00   0.  1.00  0.  0.  0.  0.  0.  0.  0.
6  0.1122 6.2671 -1.4982 3.5882 -2.1209 1.723
0.000   0.00   0.  1.00  0.  0.  0.  0.  0.  0.  0.
6  0.1122 6.2671 -1.4982 3.5882 -2.1209 1.723
0.  0.  0.  0.  0.  0.  0.  0.  0.  0.
2.0  ! cm
1  0.  0.  0.
 'DRIFT'                                                                                                     78
45.000
 'CHANGREF'                                                                                                  79
0.  0.  -18.
 'BEND'     SBEND  B                                                                                         80
0  .Bend
250.774920140843  0.   12.
0. 0. 0. ! bend-fringe
4  0.2401  1.8639  -0.5572  0.3904  0.  0.
0. 0. 0. ! bend-fringe
4  0.2401  1.8639  -0.5572  0.3904  0.  0.
0.5  ! dS-bend / cm
1  0.  0.  0.
 'CHANGREF'                                                                                                  81
0.  0.  -18.
 'DRIFT'                                                                                                     82
45.000
 'MULTIPOL'  QUAD  QF                                                                                        83
0  .Quad
50.000  10.000  0.  1.95  0.  0.  0.  0.  0.  0.  0.  0.
0.000   0.00   0.  1.00  0.  0.  0.  0.  0.  0.  0.
6  0.1122 6.2671 -1.4982 3.5882 -2.1209 1.723
0.000   0.00   0.  1.00  0.  0.  0.  0.  0.  0.  0.
6  0.1122 6.2671 -1.4982 3.5882 -2.1209 1.723
0.  0.  0.  0.  0.  0.  0.  0.  0.  0.
2.0  ! cm
1 0. 0. 0.
 'DRIFT'                                                                                                     84
228.646
 
!--- cell 0 ---
 'DRIFT'                                                                                                     85
228.646
 'MULTIPOL'  QUAD  QD                                                                                        86
0  .Quad
50.000  10.000  0. -2.68  0.  0.  0.  0.  0.  0.  0.  0.
0.000   0.00   0.  1.00  0.  0.  0.  0.  0.  0.  0.
6  0.1122 6.2671 -1.4982 3.5882 -2.1209 1.723
0.000   0.00   0.  1.00  0.  0.  0.  0.  0.  0.  0.
6  0.1122 6.2671 -1.4982 3.5882 -2.1209 1.723
0.  0.  0.  0.  0.  0.  0.  0.  0.  0.
2.0  ! cm
1  0.  0.  0.
 'DRIFT'                                                                                                     87
45.000
 'CHANGREF'                                                                                                  88
0.  0.  -18.
 'BEND'     SBEND  B                                                                                         89
0  .Bend
250.774920140843  0.   12.
0. 0. 0. ! bend-fringe
4  0.2401  1.8639  -0.5572  0.3904  0.  0.
0. 0. 0. ! bend-fringe
4  0.2401  1.8639  -0.5572  0.3904  0.  0.
0.5  ! dS-bend / cm
1  0.  0.  0.
 'CHANGREF'                                                                                                  90
0.  0.  -18.
 'DRIFT'                                                                                                     91
45.000
 'MULTIPOL'  QUAD  QF                                                                                        92
0  .Quad
50.000  10.000  0.  1.95  0.  0.  0.  0.  0.  0.  0.  0.
0.000   0.00   0.  1.00  0.  0.  0.  0.  0.  0.  0.
6  0.1122 6.2671 -1.4982 3.5882 -2.1209 1.723
0.000   0.00   0.  1.00  0.  0.  0.  0.  0.  0.  0.
6  0.1122 6.2671 -1.4982 3.5882 -2.1209 1.723
0.  0.  0.  0.  0.  0.  0.  0.  0.  0.
2.0  ! cm
1 0. 0. 0.
 'DRIFT'                                                                                                     93
228.646
 
!--- cell 0 ---
 'DRIFT'                                                                                                     94
228.646
 'MULTIPOL'  QUAD  QD                                                                                        95
0  .Quad
50.000  10.000  0. -2.68  0.  0.  0.  0.  0.  0.  0.  0.
0.000   0.00   0.  1.00  0.  0.  0.  0.  0.  0.  0.
6  0.1122 6.2671 -1.4982 3.5882 -2.1209 1.723
0.000   0.00   0.  1.00  0.  0.  0.  0.  0.  0.  0.
6  0.1122 6.2671 -1.4982 3.5882 -2.1209 1.723
0.  0.  0.  0.  0.  0.  0.  0.  0.  0.
2.0  ! cm
1  0.  0.  0.
 'DRIFT'                                                                                                     96
45.000
 'CHANGREF'                                                                                                  97
0.  0.  -18.
 'BEND'     SBEND  B                                                                                         98
0  .Bend
250.774920140843  0.   12.
0. 0. 0. ! bend-fringe
4  0.2401  1.8639  -0.5572  0.3904  0.  0.
0. 0. 0. ! bend-fringe
4  0.2401  1.8639  -0.5572  0.3904  0.  0.
0.5  ! dS-bend / cm
1  0.  0.  0.
 'CHANGREF'                                                                                                  99
0.  0.  -18.
 'DRIFT'                                                                                                    100
45.000
 'MULTIPOL'  QUAD  QF                                                                                       101
0  .Quad
50.000  10.000  0.  1.95  0.  0.  0.  0.  0.  0.  0.  0.
0.000   0.00   0.  1.00  0.  0.  0.  0.  0.  0.  0.
6  0.1122 6.2671 -1.4982 3.5882 -2.1209 1.723
0.000   0.00   0.  1.00  0.  0.  0.  0.  0.  0.  0.
6  0.1122 6.2671 -1.4982 3.5882 -2.1209 1.723
0.  0.  0.  0.  0.  0.  0.  0.  0.  0.
2.0  ! cm
1 0. 0. 0.
 'DRIFT'                                                                                                    102
228.646
!==============================
 
 'OPTIONS'                                                                                                  103
1 1
WRITE ON
 
 'FIT2'                                                                                                     104
2  save
1 30 0 [-1.,+1.]
1 31 0 [-100.,+100.]
2  1.D-11  9999
3.1  1  2  #End 0. 1. 0   ! Yf = Yi
3.1  1  3  #End 0. 1. 0   ! Tf = Ti
 
 'MATRIX'                                                                                                   105
1 11  PRINT
 
 'REBELOTE'                                                                                                 106
4 1.1 0 1
1
OBJET 35  1.001  0.999  1.0001  0.9999
 
 'END'                                                                                                      107

************************************************************************************************************************************
      1  Keyword, label(s) :  OBJET                                                 

                          MAGNETIC  RIGIDITY =       4869.148 kG*cm

                                         CALCUL  DES  TRAJECTOIRES

                              OBJET  (5)  FORME  DE     11 POINTS 



                                Y (cm)         T (mrd)       Z (cm)        P (mrd)       S (cm)        dp/p 
               Sampling :          0.10E-02      0.10E-01      0.10E-02      0.10E-01      0.10E-02      0.1000E-03
  Reference trajectry #      1 :    0.0           0.0           0.0           0.0           0.0           1.000    

************************************************************************************************************************************
      2  Keyword, label(s) :  PARTICUL                                              


     Particle  properties :
     PROTON
                     Mass          =    938.272        MeV/c2
                     Charge        =   1.602176E-19    C     
                     G  factor     =    1.79285              
                     COM life-time =   1.000000E+99    s     

              Reference  data :
                    mag. rigidity (kG.cm)   :   4869.1481      =p/q, such that dev.=B*L/rigidity
                    mass (MeV/c2)           :   938.27208    
                    momentum (MeV/c)        :   1459.7339    
                    energy, total (MeV)     :   1735.2745    
                    energy, kinetic (MeV)   :   797.00240    
                    beta = v/c              :  0.8412120988    
                    gamma                   :   1.849436335    
                    beta*gamma              :   1.555768221    
                    G*gamma                 :   3.315757032    
                    electric rigidity (MeV) :   1227.945807    =T[eV]*(gamma+1)/gamma, such that dev.=E*L/rigidity
  
 I, AMQ(1,I), AMQ(2,I)/QE, P/Pref, v/c, time, s :
  
     1   9.38272081E+02  1.00000000E+00  1.00000000E+00  8.41212099E-01  0.00000000E+00  0.00000000E+00
     2   9.38272081E+02  1.00000000E+00  1.00000000E+00  8.41212099E-01  0.00000000E+00  0.00000000E+00
     3   9.38272081E+02  1.00000000E+00  1.00000000E+00  8.41212099E-01  0.00000000E+00  0.00000000E+00
     4   9.38272081E+02  1.00000000E+00  1.00000000E+00  8.41212099E-01  0.00000000E+00  0.00000000E+00
     5   9.38272081E+02  1.00000000E+00  1.00000000E+00  8.41212099E-01  0.00000000E+00  0.00000000E+00
     6   9.38272081E+02  1.00000000E+00  1.00000000E+00  8.41212099E-01  0.00000000E+00  0.00000000E+00
     7   9.38272081E+02  1.00000000E+00  1.00000000E+00  8.41212099E-01  0.00000000E+00  0.00000000E+00
     8   9.38272081E+02  1.00000000E+00  1.00000000E+00  8.41212099E-01  0.00000000E+00  0.00000000E+00
     9   9.38272081E+02  1.00000000E+00  1.00000000E+00  8.41212099E-01  0.00000000E+00  0.00000000E+00
    10   9.38272081E+02  1.00000000E+00  1.00010000E+00  8.41236690E-01  0.00000000E+00  0.00000000E+00
    11   9.38272081E+02  1.00000000E+00  9.99900000E-01  8.41187502E-01  0.00000000E+00  0.00000000E+00

************************************************************************************************************************************
      3  Keyword, label(s) :  SCALING                                               


               PRINT option is OFF.

               Scaling  request  on  1  families  of  optical  elements :
                                                      

     Family number   1
          Element [/label(s) ( 1)] to be scaled :          MULTIPOL
                                                           /SEXT
               Scaling of fields follows increase of rigidity taken from CAVITE, starting scaling value    0.00000000E+00

************************************************************************************************************************************
      4  Keyword, label(s) :  OPTIONS                                               

         A list of 1 option(s) is expected.  List and actions taken are as follows :


    Option #  1 : WRITE OFF

    WRITE OFF -> A lot of (almost all) WRITE statements will be inhibited !

************************************************************************************************************************************

    WRITE ON -> 'WRITE' bit in 'OPTIONS' set to 1.

************************************************************************************************************************************
    104  Keyword, label(s) :  FIT2                                                  

     FIT procedure launched.

           variable #            1       IR =            1 ,   ok.
           variable #            1       IP =           30 ,   ok.
           variable #            2       IR =            1 ,   ok.
           variable #            2       IP =           31 ,   ok.
           constraint #            1       IR =          103 ,   ok.
           constraint #            1       I  =            1 ,   ok.
           constraint #            2       IR =          103 ,   ok.
           constraint #            2       I  =            1 ,   ok.

                    FIT  variables  and  constraints  in  good  order,  FIT  will proceed. 

                    Final FIT status will be saved in zgoubi.FITVALS.out                                                              


 STATUS OF VARIABLES  (Iteration #     0 /    999 max.)
LMNT VAR PARAM  MINIMUM    INITIAL         FINAL         MAXIMUM     STEP        NAME   LBL1                 LBL2
   1   1    30   -1.00        0.00     -1.04171695E-07   1.00      2.692E-06  OBJET      -                    -                   
   1   2    31   -100.        0.00      1.05029852E-06   100.      3.830E-06  OBJET      -                    -                   
 STATUS OF CONSTRAINTS (Target penalty =   1.0000E-11)
TYPE  I   J LMNT#     DESIRED          WEIGHT         REACHED         KI2     NAME   LBL1                 LBL2      Nb param. [value]
  3   1   2   103    0.000000E+00    1.000E+00    6.568856E-07    Infinity OPTIONS    -                    -                    0
  3   1   3   103    0.000000E+00    1.000E+00    1.661783E-06    Infinity OPTIONS    -                    -                    0
 Fit reached penalty value   3.1930E-12

************************************************************************************************************************************

           MAIN PROGRAM :  FIT completed.  Now doing a last run using variable values from FIT. 

************************************************************************************************************************************
      1  Keyword, label(s) :  OBJET                                                 

                          MAGNETIC  RIGIDITY =       4869.148 kG*cm

                                         CALCUL  DES  TRAJECTOIRES

                              OBJET  (5)  FORME  DE     11 POINTS 



                                Y (cm)         T (mrd)       Z (cm)        P (mrd)       S (cm)        dp/p 
               Sampling :          0.10E-02      0.10E-01      0.10E-02      0.10E-01      0.10E-02      0.1000E-03
  Reference trajectry #      1 :  -0.10E-06      0.11E-05       0.0           0.0           0.0           1.000    

************************************************************************************************************************************
      2  Keyword, label(s) :  PARTICUL                                              


************************************************************************************************************************************
      3  Keyword, label(s) :  SCALING                                               


               PRINT option is OFF.

               Scaling  request  on  1  families  of  optical  elements :
                                                      

     Family number   1
          Element [/label(s) ( 1)] to be scaled :          MULTIPOL
                                                           /SEXT
               Scaling of fields follows increase of rigidity taken from CAVITE, starting scaling value    0.00000000E+00

************************************************************************************************************************************
      4  Keyword, label(s) :  OPTIONS                                               


    WRITE ON -> 'WRITE' bit in 'OPTIONS' set to 1.

************************************************************************************************************************************

    104   Keyword FIT[2] is skipped since this is the (end of) last run following the fitting procedure.

          Now carrying on beyond FIT keyword.


************************************************************************************************************************************
    105  Keyword, label(s) :  MATRIX                                                


  Matrix coefficients are printed in  zgoubi.MATRIX.out.

  Reference, before change of frame (part #     1)  : 
   0.00000000E+00   5.52713888E-07  -6.11484935E-07   0.00000000E+00   0.00000000E+00   9.02240000E+03   3.57763363E-01

           Frame for MATRIX calculation moved by :
            XC =    0.000 cm , YC =    0.000 cm ,   A = -0.00000 deg  ( =-0.000000 rad )


  Reference, after change of frame (part #     1)  : 
   0.00000000E+00   0.00000000E+00   0.00000000E+00   0.00000000E+00   0.00000000E+00   9.02240000E+03   3.57763363E-01

  Reference particle (#     1), path length :   9022.4000     cm  relative momentum :    1.00000    


                  TRANSFER  MATRIX  ORDRE  1  (MKSA units)

          0.807559         6.06736         0.00000         0.00000         0.00000         2.67199    
         -0.279091       -0.858568         0.00000         0.00000         0.00000        0.301238    
           0.00000         0.00000       -0.943793         6.63387         0.00000         0.00000    
           0.00000         0.00000       -0.285146        0.944725         0.00000         0.00000    
          0.988996         4.12181         0.00000         0.00000         1.00000         18.4695    
           0.00000         0.00000         0.00000         0.00000         0.00000         1.00000    

          DetY-1 =      -0.0000007720,    DetZ-1 =      -0.0000007707

          R12=0 at    7.067     m,        R34=0 at   -7.022     m

      First order symplectic conditions (expected values = 0) :
        -7.7199E-07   -7.7070E-07     0.000         0.000         0.000         0.000    


                TWISS  parameters,  periodicity  of   1  is  assumed 
                                   - UNCOUPLED -

       Beam  matrix  (beta/-alpha/-alpha/gamma) and  periodic  dispersion  (MKSA units)

           6.069332    -0.833335     0.000000     0.000000     0.000000     3.312417
          -0.833335     0.279182     0.000000     0.000000     0.000000    -0.335326
           0.000000     0.000000     6.633878     0.944260     0.000000     0.000000
           0.000000     0.000000     0.944260     0.285146     0.000000     0.000000
           0.000000     0.000000     0.000000     0.000000     0.000000     0.000000
           0.000000     0.000000     0.000000     0.000000     0.000000     0.000000

                                   Betatron  tunes

                    NU_Y =  0.25405963         NU_Z =  0.24992584    

************************************************************************************************************************************
    106  Keyword, label(s) :  REBELOTE                                              


                                -----  REBELOTE  -----

     End of pass #        1 through the optical structure 

                     Total of         11 particles have been launched

     Multiple pass, 
          from element #     1 : OBJET     /label1=                    /label2=                    
                             to  REBELOTE  /label1=                    /label2=                    
     ending at pass #       5 at element #   106 : REBELOTE  /label1=                    /label2=                    


 Pgm rebel. At pass #    1/   5.  In element #    1,  parameter # 35  changed to    1.00100000E+00   (was    1.00000000E+00)

************************************************************************************************************************************
      1  Keyword, label(s) :  OBJET                                                 

                          MAGNETIC  RIGIDITY =       4869.148 kG*cm

                                         CALCUL  DES  TRAJECTOIRES

                              OBJET  (5)  FORME  DE     11 POINTS 



                                Y (cm)         T (mrd)       Z (cm)        P (mrd)       S (cm)        dp/p 
               Sampling :          0.10E-02      0.10E-01      0.10E-02      0.10E-01      0.10E-02      0.1000E-03
  Reference trajectry #      1 :  -0.10E-06      0.11E-05       0.0           0.0           0.0           1.001    

************************************************************************************************************************************
      2  Keyword, label(s) :  PARTICUL                                              


************************************************************************************************************************************
      3  Keyword, label(s) :  SCALING                                               


               PRINT option is OFF.

               Scaling  request  on  1  families  of  optical  elements :
                                                      

     Family number   1
          Element [/label(s) ( 1)] to be scaled :          MULTIPOL
                                                           /SEXT
               Scaling of fields follows increase of rigidity taken from CAVITE, starting scaling value    0.00000000E+00

************************************************************************************************************************************
      4  Keyword, label(s) :  OPTIONS                                               


    WRITE ON -> 'WRITE' bit in 'OPTIONS' set to 1.

************************************************************************************************************************************
    104  Keyword, label(s) :  FIT2                                                  


     An updated version of the input data file, with variables in FIT'ed state, has been saved in zgoubi.FIT.out.dat.


************************************************************************************************************************************

************************************************************************************************************************************
      1  Keyword, label(s) :  OBJET                                                 

                          MAGNETIC  RIGIDITY =       4869.148 kG*cm

                                         CALCUL  DES  TRAJECTOIRES

                              OBJET  (5)  FORME  DE     11 POINTS 



                                Y (cm)         T (mrd)       Z (cm)        P (mrd)       S (cm)        dp/p 
               Sampling :          0.10E-02      0.10E-01      0.10E-02      0.10E-01      0.10E-02      0.1000E-03
  Reference trajectry #      1 :  -0.10E-06      0.11E-05       0.0           0.0           0.0           1.001    

************************************************************************************************************************************
      2  Keyword, label(s) :  PARTICUL                                              


************************************************************************************************************************************
      3  Keyword, label(s) :  SCALING                                               


               PRINT option is OFF.

               Scaling  request  on  1  families  of  optical  elements :
                                                      

     Family number   1
          Element [/label(s) ( 1)] to be scaled :          MULTIPOL
                                                           /SEXT
               Scaling of fields follows increase of rigidity taken from CAVITE, starting scaling value    0.00000000E+00

************************************************************************************************************************************
      4  Keyword, label(s) :  OPTIONS                                               


    WRITE ON -> 'WRITE' bit in 'OPTIONS' set to 1.

************************************************************************************************************************************
    104  Keyword, label(s) :  FIT2                                                  

     FIT procedure launched.

           variable #            1       IR =            1 ,   ok.
           variable #            1       IP =           30 ,   ok.
           variable #            2       IR =            1 ,   ok.
           variable #            2       IP =           31 ,   ok.
           constraint #            1       IR =          103 ,   ok.
           constraint #            1       I  =            1 ,   ok.
           constraint #            2       IR =          103 ,   ok.
           constraint #            2       I  =            1 ,   ok.

                    FIT  variables  and  constraints  in  good  order,  FIT  will proceed. 

                    Final FIT status will be saved in zgoubi.FITVALS.out                                                              


 STATUS OF VARIABLES  (Iteration #     0 /    999 max.)
LMNT VAR PARAM  MINIMUM    INITIAL         FINAL         MAXIMUM     STEP        NAME   LBL1                 LBL2
   1   1    30   -1.00      -1.042E-07  0.33132851       1.00      8.276E-06  OBJET      -                    -                   
   1   2    31   -100.       1.050E-06 -0.33518903       100.      1.335E-05  OBJET      -                    -                   
 STATUS OF CONSTRAINTS (Target penalty =   1.0000E-11)
TYPE  I   J LMNT#     DESIRED          WEIGHT         REACHED         KI2     NAME   LBL1                 LBL2      Nb param. [value]
  3   1   2   103    0.000000E+00    1.000E+00    2.788467E-06    Infinity OPTIONS    -                    -                    0
  3   1   3   103    0.000000E+00    1.000E+00    8.455487E-07    Infinity OPTIONS    -                    -                    0
 Fit reached penalty value   8.4905E-12

************************************************************************************************************************************

           MAIN PROGRAM :  FIT completed.  Now doing a last run using variable values from FIT. 

************************************************************************************************************************************
      1  Keyword, label(s) :  OBJET                                                 

                          MAGNETIC  RIGIDITY =       4869.148 kG*cm

                                         CALCUL  DES  TRAJECTOIRES

                              OBJET  (5)  FORME  DE     11 POINTS 



                                Y (cm)         T (mrd)       Z (cm)        P (mrd)       S (cm)        dp/p 
               Sampling :          0.10E-02      0.10E-01      0.10E-02      0.10E-01      0.10E-02      0.1000E-03
  Reference trajectry #      1 :   0.33         -0.34           0.0           0.0           0.0           1.001    

************************************************************************************************************************************
      2  Keyword, label(s) :  PARTICUL                                              


************************************************************************************************************************************
      3  Keyword, label(s) :  SCALING                                               


               PRINT option is OFF.

               Scaling  request  on  1  families  of  optical  elements :
                                                      

     Family number   1
          Element [/label(s) ( 1)] to be scaled :          MULTIPOL
                                                           /SEXT
               Scaling of fields follows increase of rigidity taken from CAVITE, starting scaling value    0.00000000E+00

************************************************************************************************************************************
      4  Keyword, label(s) :  OPTIONS                                               


    WRITE ON -> 'WRITE' bit in 'OPTIONS' set to 1.

************************************************************************************************************************************

    104   Keyword FIT[2] is skipped since this is the (end of) last run following the fitting procedure.

          Now carrying on beyond FIT keyword.


************************************************************************************************************************************
    105  Keyword, label(s) :  MATRIX                                                


  Matrix coefficients are printed in  zgoubi.MATRIX.out.

  Reference, before change of frame (part #     1)  : 
   1.00000000E-03   3.31325722E-01  -3.35188189E-01   0.00000000E+00   0.00000000E+00   9.02443756E+03   3.57774634E-01

           Frame for MATRIX calculation moved by :
            XC =    0.000 cm , YC =    0.331 cm ,   A = -0.01920 deg  ( =-0.000335 rad )


  Reference, after change of frame (part #     1)  : 
   1.00000000E-03   0.00000000E+00   0.00000000E+00   0.00000000E+00   0.00000000E+00   9.02443756E+03   3.57774634E-01

  Reference particle (#     1), path length :   9024.4376     cm  relative momentum :    1.00100    


                  TRANSFER  MATRIX  ORDRE  1  (MKSA units)

          0.814443         6.07290         0.00000         0.00000         0.00000         2.65230    
         -0.278921       -0.851949         0.00000         0.00000         0.00000        0.304195    
           0.00000         0.00000       -0.935669         6.63892         0.00000         0.00000    
           0.00000         0.00000       -0.284896        0.952693         0.00000         0.00000    
          0.987867         4.10697         0.00000         0.00000         1.00000         18.5096    
           0.00000         0.00000         0.00000         0.00000         0.00000         1.00000    

          DetY-1 =      -0.0000008275,    DetZ-1 =      -0.0000007692

          R12=0 at    7.128     m,        R34=0 at   -6.969     m

      First order symplectic conditions (expected values = 0) :
        -8.2748E-07   -7.6916E-07     0.000         0.000         0.000         0.000    


                TWISS  parameters,  periodicity  of   1  is  assumed 
                                   - UNCOUPLED -

       Beam  matrix  (beta/-alpha/-alpha/gamma) and  periodic  dispersion  (MKSA units)

           6.073973    -0.833343     0.000000     0.000000     0.000000     3.317418
          -0.833343     0.278971     0.000000     0.000000     0.000000    -0.335379
           0.000000     0.000000     6.639164     0.944215     0.000000     0.000000
           0.000000     0.000000     0.944215     0.284907     0.000000     0.000000
           0.000000     0.000000     0.000000     0.000000     0.000000     0.000000
           0.000000     0.000000     0.000000     0.000000     0.000000     0.000000

                                   Betatron  tunes

                    NU_Y =  0.25298483         NU_Z =  0.24864531    

************************************************************************************************************************************
    106  Keyword, label(s) :  REBELOTE                                              


                                -----  REBELOTE  -----

     End of pass #        2 through the optical structure 

                     Total of         22 particles have been launched

 Pgm rebel. At pass #    2/   5.  In element #    1,  parameter # 35  changed to    9.99000000E-01   (was    1.00100000E+00)

************************************************************************************************************************************
      1  Keyword, label(s) :  OBJET                                                 

                          MAGNETIC  RIGIDITY =       4869.148 kG*cm

                                         CALCUL  DES  TRAJECTOIRES

                              OBJET  (5)  FORME  DE     11 POINTS 



                                Y (cm)         T (mrd)       Z (cm)        P (mrd)       S (cm)        dp/p 
               Sampling :          0.10E-02      0.10E-01      0.10E-02      0.10E-01      0.10E-02      0.1000E-03
  Reference trajectry #      1 :   0.33         -0.34           0.0           0.0           0.0          0.9990    

************************************************************************************************************************************
      2  Keyword, label(s) :  PARTICUL                                              


************************************************************************************************************************************
      3  Keyword, label(s) :  SCALING                                               


               PRINT option is OFF.

               Scaling  request  on  1  families  of  optical  elements :
                                                      

     Family number   1
          Element [/label(s) ( 1)] to be scaled :          MULTIPOL
                                                           /SEXT
               Scaling of fields follows increase of rigidity taken from CAVITE, starting scaling value    0.00000000E+00

************************************************************************************************************************************
      4  Keyword, label(s) :  OPTIONS                                               


    WRITE ON -> 'WRITE' bit in 'OPTIONS' set to 1.

************************************************************************************************************************************
    104  Keyword, label(s) :  FIT2                                                  


     An updated version of the input data file, with variables in FIT'ed state, has been saved in zgoubi.FIT.out.dat.


************************************************************************************************************************************

************************************************************************************************************************************
      1  Keyword, label(s) :  OBJET                                                 

                          MAGNETIC  RIGIDITY =       4869.148 kG*cm

                                         CALCUL  DES  TRAJECTOIRES

                              OBJET  (5)  FORME  DE     11 POINTS 



                                Y (cm)         T (mrd)       Z (cm)        P (mrd)       S (cm)        dp/p 
               Sampling :          0.10E-02      0.10E-01      0.10E-02      0.10E-01      0.10E-02      0.1000E-03
  Reference trajectry #      1 :   0.33         -0.34           0.0           0.0           0.0          0.9990    

************************************************************************************************************************************
      2  Keyword, label(s) :  PARTICUL                                              


************************************************************************************************************************************
      3  Keyword, label(s) :  SCALING                                               


               PRINT option is OFF.

               Scaling  request  on  1  families  of  optical  elements :
                                                      

     Family number   1
          Element [/label(s) ( 1)] to be scaled :          MULTIPOL
                                                           /SEXT
               Scaling of fields follows increase of rigidity taken from CAVITE, starting scaling value    0.00000000E+00

************************************************************************************************************************************
      4  Keyword, label(s) :  OPTIONS                                               


    WRITE ON -> 'WRITE' bit in 'OPTIONS' set to 1.

************************************************************************************************************************************
    104  Keyword, label(s) :  FIT2                                                  

     FIT procedure launched.

           variable #            1       IR =            1 ,   ok.
           variable #            1       IP =           30 ,   ok.
           variable #            2       IR =            1 ,   ok.
           variable #            2       IP =           31 ,   ok.
           constraint #            1       IR =          103 ,   ok.
           constraint #            1       I  =            1 ,   ok.
           constraint #            2       IR =          103 ,   ok.
           constraint #            2       I  =            1 ,   ok.

                    FIT  variables  and  constraints  in  good  order,  FIT  will proceed. 

                    Final FIT status will be saved in zgoubi.FITVALS.out                                                              


 STATUS OF VARIABLES  (Iteration #     0 /    999 max.)
LMNT VAR PARAM  MINIMUM    INITIAL         FINAL         MAXIMUM     STEP        NAME   LBL1                 LBL2
   1   1    30   -1.00       0.331     -0.33115678       1.00      8.847E-06  OBJET      -                    -                   
   1   2    31   -100.      -0.335      0.33546613       100.      1.327E-05  OBJET      -                    -                   
 STATUS OF CONSTRAINTS (Target penalty =   1.0000E-11)
TYPE  I   J LMNT#     DESIRED          WEIGHT         REACHED         KI2     NAME   LBL1                 LBL2      Nb param. [value]
  3   1   2   103    0.000000E+00    1.000E+00    1.251088E-06    Infinity OPTIONS    -                    -                    0
  3   1   3   103    0.000000E+00    1.000E+00    2.237228E-06    Infinity OPTIONS    -                    -                    0
 Fit reached penalty value   6.5704E-12

************************************************************************************************************************************

           MAIN PROGRAM :  FIT completed.  Now doing a last run using variable values from FIT. 

************************************************************************************************************************************
      1  Keyword, label(s) :  OBJET                                                 

                          MAGNETIC  RIGIDITY =       4869.148 kG*cm

                                         CALCUL  DES  TRAJECTOIRES

                              OBJET  (5)  FORME  DE     11 POINTS 



                                Y (cm)         T (mrd)       Z (cm)        P (mrd)       S (cm)        dp/p 
               Sampling :          0.10E-02      0.10E-01      0.10E-02      0.10E-01      0.10E-02      0.1000E-03
  Reference trajectry #      1 :  -0.33          0.34           0.0           0.0           0.0          0.9990    

************************************************************************************************************************************
      2  Keyword, label(s) :  PARTICUL                                              


************************************************************************************************************************************
      3  Keyword, label(s) :  SCALING                                               


               PRINT option is OFF.

               Scaling  request  on  1  families  of  optical  elements :
                                                      

     Family number   1
          Element [/label(s) ( 1)] to be scaled :          MULTIPOL
                                                           /SEXT
               Scaling of fields follows increase of rigidity taken from CAVITE, starting scaling value    0.00000000E+00

************************************************************************************************************************************
      4  Keyword, label(s) :  OPTIONS                                               


    WRITE ON -> 'WRITE' bit in 'OPTIONS' set to 1.

************************************************************************************************************************************

    104   Keyword FIT[2] is skipped since this is the (end of) last run following the fitting procedure.

          Now carrying on beyond FIT keyword.


************************************************************************************************************************************
    105  Keyword, label(s) :  MATRIX                                                


  Matrix coefficients are printed in  zgoubi.MATRIX.out.

  Reference, before change of frame (part #     1)  : 
  -1.00000000E-03  -3.31158028E-01   3.35468365E-01   0.00000000E+00   0.00000000E+00   9.02036490E+03   3.57752440E-01

           Frame for MATRIX calculation moved by :
            XC =    0.000 cm , YC =   -0.331 cm ,   A =  0.01922 deg  ( = 0.000335 rad )


  Reference, after change of frame (part #     1)  : 
  -1.00000000E-03   0.00000000E+00   0.00000000E+00   0.00000000E+00   0.00000000E+00   9.02036490E+03   3.57752440E-01

  Reference particle (#     1), path length :   9020.3649     cm  relative momentum :   0.999000    


                  TRANSFER  MATRIX  ORDRE  1  (MKSA units)

          0.800621         6.06153         0.00000         0.00000         0.00000         2.69170    
         -0.279248       -0.865166         0.00000         0.00000         0.00000        0.298247    
           0.00000         0.00000       -0.951878         6.62840         0.00000         0.00000    
           0.00000         0.00000       -0.285378        0.936677         0.00000         0.00000    
          0.990100         4.13661         0.00000         0.00000         1.00000         18.4294    
           0.00000         0.00000         0.00000         0.00000         0.00000         1.00000    

          DetY-1 =      -0.0000008309,    DetZ-1 =      -0.0000007722

          R12=0 at    7.006     m,        R34=0 at   -7.077     m

      First order symplectic conditions (expected values = 0) :
        -8.3086E-07   -7.7224E-07     0.000         0.000         0.000         0.000    


                TWISS  parameters,  periodicity  of   1  is  assumed 
                                   - UNCOUPLED -

       Beam  matrix  (beta/-alpha/-alpha/gamma) and  periodic  dispersion  (MKSA units)

           6.064690    -0.833328     0.000000     0.000000     0.000000     3.307414
          -0.833328     0.279394     0.000000     0.000000     0.000000    -0.335274
           0.000000     0.000000     6.628591     0.944305     0.000000     0.000000
           0.000000     0.000000     0.944305     0.285387     0.000000     0.000000
           0.000000     0.000000     0.000000     0.000000     0.000000     0.000000
           0.000000     0.000000     0.000000     0.000000     0.000000     0.000000

                                   Betatron  tunes

                    NU_Y =  0.25513722         NU_Z =  0.25120974    

************************************************************************************************************************************
    106  Keyword, label(s) :  REBELOTE                                              


                                -----  REBELOTE  -----

     End of pass #        3 through the optical structure 

                     Total of         33 particles have been launched

 Pgm rebel. At pass #    3/   5.  In element #    1,  parameter # 35  changed to    1.00010000E+00   (was    9.99000000E-01)

************************************************************************************************************************************
      1  Keyword, label(s) :  OBJET                                                 

                          MAGNETIC  RIGIDITY =       4869.148 kG*cm

                                         CALCUL  DES  TRAJECTOIRES

                              OBJET  (5)  FORME  DE     11 POINTS 



                                Y (cm)         T (mrd)       Z (cm)        P (mrd)       S (cm)        dp/p 
               Sampling :          0.10E-02      0.10E-01      0.10E-02      0.10E-01      0.10E-02      0.1000E-03
  Reference trajectry #      1 :  -0.33          0.34           0.0           0.0           0.0           1.000    

************************************************************************************************************************************
      2  Keyword, label(s) :  PARTICUL                                              


************************************************************************************************************************************
      3  Keyword, label(s) :  SCALING                                               


               PRINT option is OFF.

               Scaling  request  on  1  families  of  optical  elements :
                                                      

     Family number   1
          Element [/label(s) ( 1)] to be scaled :          MULTIPOL
                                                           /SEXT
               Scaling of fields follows increase of rigidity taken from CAVITE, starting scaling value    0.00000000E+00

************************************************************************************************************************************
      4  Keyword, label(s) :  OPTIONS                                               


    WRITE ON -> 'WRITE' bit in 'OPTIONS' set to 1.

************************************************************************************************************************************
    104  Keyword, label(s) :  FIT2                                                  


     An updated version of the input data file, with variables in FIT'ed state, has been saved in zgoubi.FIT.out.dat.


************************************************************************************************************************************

************************************************************************************************************************************
      1  Keyword, label(s) :  OBJET                                                 

                          MAGNETIC  RIGIDITY =       4869.148 kG*cm

                                         CALCUL  DES  TRAJECTOIRES

                              OBJET  (5)  FORME  DE     11 POINTS 



                                Y (cm)         T (mrd)       Z (cm)        P (mrd)       S (cm)        dp/p 
               Sampling :          0.10E-02      0.10E-01      0.10E-02      0.10E-01      0.10E-02      0.1000E-03
  Reference trajectry #      1 :  -0.33          0.34           0.0           0.0           0.0           1.000    

************************************************************************************************************************************
      2  Keyword, label(s) :  PARTICUL                                              


************************************************************************************************************************************
      3  Keyword, label(s) :  SCALING                                               


               PRINT option is OFF.

               Scaling  request  on  1  families  of  optical  elements :
                                                      

     Family number   1
          Element [/label(s) ( 1)] to be scaled :          MULTIPOL
                                                           /SEXT
               Scaling of fields follows increase of rigidity taken from CAVITE, starting scaling value    0.00000000E+00

************************************************************************************************************************************
      4  Keyword, label(s) :  OPTIONS                                               


    WRITE ON -> 'WRITE' bit in 'OPTIONS' set to 1.

************************************************************************************************************************************
    104  Keyword, label(s) :  FIT2                                                  

     FIT procedure launched.

           variable #            1       IR =            1 ,   ok.
           variable #            1       IP =           30 ,   ok.
           variable #            2       IR =            1 ,   ok.
           variable #            2       IP =           31 ,   ok.
           constraint #            1       IR =          103 ,   ok.
           constraint #            1       I  =            1 ,   ok.
           constraint #            2       IR =          103 ,   ok.
           constraint #            2       I  =            1 ,   ok.

                    FIT  variables  and  constraints  in  good  order,  FIT  will proceed. 

                    Final FIT status will be saved in zgoubi.FITVALS.out                                                              


 STATUS OF VARIABLES  (Iteration #     0 /    999 max.)
LMNT VAR PARAM  MINIMUM    INITIAL         FINAL         MAXIMUM     STEP        NAME   LBL1                 LBL2
   1   1    30   -1.00      -0.331      3.31241008E-02   1.00      7.191E-06  OBJET      -                    -                   
   1   2    31   -100.       0.335     -3.35312597E-02   100.      1.062E-05  OBJET      -                    -                   
 STATUS OF CONSTRAINTS (Target penalty =   1.0000E-11)
TYPE  I   J LMNT#     DESIRED          WEIGHT         REACHED         KI2     NAME   LBL1                 LBL2      Nb param. [value]
  3   1   2   103    0.000000E+00    1.000E+00    1.604466E-07    Infinity OPTIONS    -                    -                    0
  3   1   3   103    0.000000E+00    1.000E+00    2.628342E-06    Infinity OPTIONS    -                    -                    0
 Fit reached penalty value   6.9339E-12

************************************************************************************************************************************

           MAIN PROGRAM :  FIT completed.  Now doing a last run using variable values from FIT. 

************************************************************************************************************************************
      1  Keyword, label(s) :  OBJET                                                 

                          MAGNETIC  RIGIDITY =       4869.148 kG*cm

                                         CALCUL  DES  TRAJECTOIRES

                              OBJET  (5)  FORME  DE     11 POINTS 



                                Y (cm)         T (mrd)       Z (cm)        P (mrd)       S (cm)        dp/p 
               Sampling :          0.10E-02      0.10E-01      0.10E-02      0.10E-01      0.10E-02      0.1000E-03
  Reference trajectry #      1 :   0.33E-01     -0.34E-01       0.0           0.0           0.0           1.000    

************************************************************************************************************************************
      2  Keyword, label(s) :  PARTICUL                                              


************************************************************************************************************************************
      3  Keyword, label(s) :  SCALING                                               


               PRINT option is OFF.

               Scaling  request  on  1  families  of  optical  elements :
                                                      

     Family number   1
          Element [/label(s) ( 1)] to be scaled :          MULTIPOL
                                                           /SEXT
               Scaling of fields follows increase of rigidity taken from CAVITE, starting scaling value    0.00000000E+00

************************************************************************************************************************************
      4  Keyword, label(s) :  OPTIONS                                               


    WRITE ON -> 'WRITE' bit in 'OPTIONS' set to 1.

************************************************************************************************************************************

    104   Keyword FIT[2] is skipped since this is the (end of) last run following the fitting procedure.

          Now carrying on beyond FIT keyword.


************************************************************************************************************************************
    105  Keyword, label(s) :  MATRIX                                                


  Matrix coefficients are printed in  zgoubi.MATRIX.out.

  Reference, before change of frame (part #     1)  : 
   1.00000000E-04   3.31242612E-02  -3.35286314E-02   0.00000000E+00   0.00000000E+00   9.02260364E+03   3.57764474E-01

           Frame for MATRIX calculation moved by :
            XC =    0.000 cm , YC =    0.033 cm ,   A = -0.00192 deg  ( =-0.000034 rad )


  Reference, after change of frame (part #     1)  : 
   1.00000000E-04   0.00000000E+00   0.00000000E+00   0.00000000E+00   0.00000000E+00   9.02260364E+03   3.57764474E-01

  Reference particle (#     1), path length :   9022.6036     cm  relative momentum :    1.00010    


                  TRANSFER  MATRIX  ORDRE  1  (MKSA units)

          0.808250         6.06792         0.00000         0.00000         0.00000         2.67002    
         -0.279075       -0.857907         0.00000         0.00000         0.00000        0.301536    
           0.00000         0.00000       -0.942983         6.63440         0.00000         0.00000    
           0.00000         0.00000       -0.285122        0.945526         0.00000         0.00000    
          0.988885         4.12033         0.00000         0.00000         1.00000         18.4735    
           0.00000         0.00000         0.00000         0.00000         0.00000         1.00000    

          DetY-1 =      -0.0000007738,    DetZ-1 =      -0.0000007705

          R12=0 at    7.073     m,        R34=0 at   -7.017     m

      First order symplectic conditions (expected values = 0) :
        -7.7380E-07   -7.7054E-07     0.000         0.000         0.000         0.000    


                TWISS  parameters,  periodicity  of   1  is  assumed 
                                   - UNCOUPLED -

       Beam  matrix  (beta/-alpha/-alpha/gamma) and  periodic  dispersion  (MKSA units)

           6.069796    -0.833336     0.000000     0.000000     0.000000     3.312917
          -0.833336     0.279161     0.000000     0.000000     0.000000    -0.335332
           0.000000     0.000000     6.634407     0.944255     0.000000     0.000000
           0.000000     0.000000     0.944255     0.285122     0.000000     0.000000
           0.000000     0.000000     0.000000     0.000000     0.000000     0.000000
           0.000000     0.000000     0.000000     0.000000     0.000000     0.000000

                                   Betatron  tunes

                    NU_Y =  0.25395203         NU_Z =  0.24979763    

************************************************************************************************************************************
    106  Keyword, label(s) :  REBELOTE                                              


                                -----  REBELOTE  -----

     End of pass #        4 through the optical structure 

                     Total of         44 particles have been launched


      Next  pass  is  #     5 and  last  pass  through  the  optical  structure


 Pgm rebel. At pass #    4/   5.  In element #    1,  parameter # 35  changed to    9.99900000E-01   (was    1.00010000E+00)

************************************************************************************************************************************
      1  Keyword, label(s) :  OBJET                                                 

                          MAGNETIC  RIGIDITY =       4869.148 kG*cm

                                         CALCUL  DES  TRAJECTOIRES

                              OBJET  (5)  FORME  DE     11 POINTS 



                                Y (cm)         T (mrd)       Z (cm)        P (mrd)       S (cm)        dp/p 
               Sampling :          0.10E-02      0.10E-01      0.10E-02      0.10E-01      0.10E-02      0.1000E-03
  Reference trajectry #      1 :   0.33E-01     -0.34E-01       0.0           0.0           0.0          0.9999    

************************************************************************************************************************************
      2  Keyword, label(s) :  PARTICUL                                              


************************************************************************************************************************************
      3  Keyword, label(s) :  SCALING                                               


               PRINT option is OFF.

               Scaling  request  on  1  families  of  optical  elements :
                                                      

     Family number   1
          Element [/label(s) ( 1)] to be scaled :          MULTIPOL
                                                           /SEXT
               Scaling of fields follows increase of rigidity taken from CAVITE, starting scaling value    0.00000000E+00

************************************************************************************************************************************
      4  Keyword, label(s) :  OPTIONS                                               


    WRITE ON -> 'WRITE' bit in 'OPTIONS' set to 1.

************************************************************************************************************************************
    104  Keyword, label(s) :  FIT2                                                  


     An updated version of the input data file, with variables in FIT'ed state, has been saved in zgoubi.FIT.out.dat.


************************************************************************************************************************************

************************************************************************************************************************************
      1  Keyword, label(s) :  OBJET                                                 

                          MAGNETIC  RIGIDITY =       4869.148 kG*cm

                                         CALCUL  DES  TRAJECTOIRES

                              OBJET  (5)  FORME  DE     11 POINTS 



                                Y (cm)         T (mrd)       Z (cm)        P (mrd)       S (cm)        dp/p 
               Sampling :          0.10E-02      0.10E-01      0.10E-02      0.10E-01      0.10E-02      0.1000E-03
  Reference trajectry #      1 :   0.33E-01     -0.34E-01       0.0           0.0           0.0          0.9999    

************************************************************************************************************************************
      2  Keyword, label(s) :  PARTICUL                                              


************************************************************************************************************************************
      3  Keyword, label(s) :  SCALING                                               


               PRINT option is OFF.

               Scaling  request  on  1  families  of  optical  elements :
                                                      

     Family number   1
          Element [/label(s) ( 1)] to be scaled :          MULTIPOL
                                                           /SEXT
               Scaling of fields follows increase of rigidity taken from CAVITE, starting scaling value    0.00000000E+00

************************************************************************************************************************************
      4  Keyword, label(s) :  OPTIONS                                               


    WRITE ON -> 'WRITE' bit in 'OPTIONS' set to 1.

************************************************************************************************************************************
    104  Keyword, label(s) :  FIT2                                                  

     FIT procedure launched.

           variable #            1       IR =            1 ,   ok.
           variable #            1       IP =           30 ,   ok.
           variable #            2       IR =            1 ,   ok.
           variable #            2       IP =           31 ,   ok.
           constraint #            1       IR =          103 ,   ok.
           constraint #            1       I  =            1 ,   ok.
           constraint #            2       IR =          103 ,   ok.
           constraint #            2       I  =            1 ,   ok.

                    FIT  variables  and  constraints  in  good  order,  FIT  will proceed. 

                    Final FIT status will be saved in zgoubi.FITVALS.out                                                              


 STATUS OF VARIABLES  (Iteration #     0 /    999 max.)
LMNT VAR PARAM  MINIMUM    INITIAL         FINAL         MAXIMUM     STEP        NAME   LBL1                 LBL2
   1   1    30   -1.00       3.312E-02 -3.31217173E-02   1.00      7.351E-06  OBJET      -                    -                   
   1   2    31   -100.      -3.353E-02  3.35310490E-02   100.      9.974E-06  OBJET      -                    -                   
 STATUS OF CONSTRAINTS (Target penalty =   1.0000E-11)
TYPE  I   J LMNT#     DESIRED          WEIGHT         REACHED         KI2     NAME   LBL1                 LBL2      Nb param. [value]
  3   1   2   103    0.000000E+00    1.000E+00    2.140599E-06    Infinity OPTIONS    -                    -                    0
  3   1   3   103    0.000000E+00    1.000E+00    1.085773E-06    Infinity OPTIONS    -                    -                    0
 Fit reached penalty value   5.7611E-12

************************************************************************************************************************************

           MAIN PROGRAM :  FIT completed.  Now doing a last run using variable values from FIT. 

************************************************************************************************************************************
      1  Keyword, label(s) :  OBJET                                                 

                          MAGNETIC  RIGIDITY =       4869.148 kG*cm

                                         CALCUL  DES  TRAJECTOIRES

                              OBJET  (5)  FORME  DE     11 POINTS 



                                Y (cm)         T (mrd)       Z (cm)        P (mrd)       S (cm)        dp/p 
               Sampling :          0.10E-02      0.10E-01      0.10E-02      0.10E-01      0.10E-02      0.1000E-03
  Reference trajectry #      1 :  -0.33E-01      0.34E-01       0.0           0.0           0.0          0.9999    

************************************************************************************************************************************
      2  Keyword, label(s) :  PARTICUL                                              


************************************************************************************************************************************
      3  Keyword, label(s) :  SCALING                                               


               PRINT option is OFF.

               Scaling  request  on  1  families  of  optical  elements :
                                                      

     Family number   1
          Element [/label(s) ( 1)] to be scaled :          MULTIPOL
                                                           /SEXT
               Scaling of fields follows increase of rigidity taken from CAVITE, starting scaling value    0.00000000E+00

************************************************************************************************************************************
      4  Keyword, label(s) :  OPTIONS                                               


    WRITE ON -> 'WRITE' bit in 'OPTIONS' set to 1.

************************************************************************************************************************************

    104   Keyword FIT[2] is skipped since this is the (end of) last run following the fitting procedure.

          Now carrying on beyond FIT keyword.


************************************************************************************************************************************
    105  Keyword, label(s) :  MATRIX                                                


  Matrix coefficients are printed in  zgoubi.MATRIX.out.

  Reference, before change of frame (part #     1)  : 
  -1.00000000E-04  -3.31238579E-02   3.35321348E-02   0.00000000E+00   0.00000000E+00   9.02219638E+03   3.57762255E-01

           Frame for MATRIX calculation moved by :
            XC =    0.000 cm , YC =   -0.033 cm ,   A =  0.00192 deg  ( = 0.000034 rad )


  Reference, after change of frame (part #     1)  : 
  -1.00000000E-04   0.00000000E+00   0.00000000E+00   0.00000000E+00   0.00000000E+00   9.02219638E+03   3.57762255E-01

  Reference particle (#     1), path length :   9022.1964     cm  relative momentum :   0.999900    


                  TRANSFER  MATRIX  ORDRE  1  (MKSA units)

          0.806868         6.06679         0.00000         0.00000         0.00000         2.67396    
         -0.279107       -0.859229         0.00000         0.00000         0.00000        0.300941    
           0.00000         0.00000       -0.944604         6.63335         0.00000         0.00000    
           0.00000         0.00000       -0.285170        0.943924         0.00000         0.00000    
          0.989108         4.12329         0.00000         0.00000         1.00000         18.4655    
           0.00000         0.00000         0.00000         0.00000         0.00000         1.00000    

          DetY-1 =      -0.0000007724,    DetZ-1 =      -0.0000007709

          R12=0 at    7.061     m,        R34=0 at   -7.027     m

      First order symplectic conditions (expected values = 0) :
        -7.7237E-07   -7.7085E-07     0.000         0.000         0.000         0.000    


                TWISS  parameters,  periodicity  of   1  is  assumed 
                                   - UNCOUPLED -

       Beam  matrix  (beta/-alpha/-alpha/gamma) and  periodic  dispersion  (MKSA units)

           6.068868    -0.833334     0.000000     0.000000     0.000000     3.311916
          -0.833334     0.279203     0.000000     0.000000     0.000000    -0.335321
           0.000000     0.000000     6.633350     0.944264     0.000000     0.000000
           0.000000     0.000000     0.944264     0.285170     0.000000     0.000000
           0.000000     0.000000     0.000000     0.000000     0.000000     0.000000
           0.000000     0.000000     0.000000     0.000000     0.000000     0.000000

                                   Betatron  tunes

                    NU_Y =  0.25416727         NU_Z =  0.25005408    

************************************************************************************************************************************
    106  Keyword, label(s) :  REBELOTE                                              


                         ****  End  of  'REBELOTE'  procedure  ****

      There  has  been          5  passes  through  the  optical  structure 

                     Total of         55 particles have been launched

************************************************************************************************************************************
    107  Keyword, label(s) :  END                                                   


************************************************************************************************************************************
 Pgm zgoubi : Execution ended normally, upon keyword END or FIN
   
            ZGOUBI RUN COMPLETED. 

  Zgoubi, author's dvlpmnt version.
  Job  started  on  19-07-2019,  at  23:31:43 
  JOB  ENDED  ON    19-07-2019,  AT  23:31:52 

   CPU time, total :     7.5636310000000000     

     An updated version of the input data file, with variables in FIT'ed state, has been saved in zgoubi.FIT.out.dat.


************************************************************************************************************************************
