hrsdesir U180_V1 TUTO
 'OBJET' 				1                                                                                 1              1
405.179    (Sn132+, 60 KeV)
5
0.001  0.001  0.001  0.001  .001  .0001
0.  0.  0.  0.  0.  1.
 'PARTICUL'                            2                                                        2             2
122957.21  1.602176487E-19 0.0 0.0 0.0
 'QUADRUPO'              MQ0             3                                                      3             3
0
0.000001 2. 0.000000000001
0. 0.
6 0.0 0.0 0.0 0.0 0.0 0.0
0. 0.
6 0.0 0.0 0.0 0.0 0.0 0.0
1.
1  0. 0. 0.
 'DRIFT'  				4                                                                                 4             4
42.	
 'ELMULT'		MQ1		5                                                                             5               5
0
18.5 2. 0. -6.77193263E2 0. 0. 0. 0. 0. 0. 0. 0.
0. 1. 0. 0. 0. 0. 0. 0. 0. 0. 0.
6  .296471 4.533219 -2.270982 1.068627 -0.036391 0.022261
0. 1. 0. 0. 0. 0. 0. 0. 0. 0. 0.
6  .296471 4.533219 -2.270982 1.068627 -0.036391 0.022261
0. 0. 0. 0. 0. 0. 0. 0. 0. 0.
#60|30|60
1  0. 0. 0.
 'DRIFT'  				6                                                                               6               6
10.00
 'ELMULT'		MQ2		7                                                                               7             7
0
18.5 2. 0. 7.76296569E2  0. 0. 0. 0. 0. 0. 0. 0.
0. 1. 0. 0. 0. 0. 0. 0. 0. 0. 0.
6  .296471 4.533219 -2.270982 1.068627 -0.036391 0.022261
0. 1. 0. 0. 0. 0. 0. 0. 0. 0. 0.
6  .296471 4.533219 -2.270982 1.068627 -0.036391 0.022261
0. 0. 0. 0. 0. 0. 0. 0. 0. 0.
#60|30|60
1 0. 0. 0.
 'DRIFT'  				8                                                                               8               8
27.5
 'MATRIX'				9                                                                                  9             9
1  0
 'DRIFT'					10                                                                                10            10
27.5
 'ELMULT'        SEX1			11                                                                     11            11
0
11. 2. 0. 0. 0. 0. 0. 0. 0. 0. 0. 0.
0. 0. 0. 0. 0. 0. 0. 0. 0. 0. 0.
6  .296471 4.533219 -2.270982 1.068627 -0.036391 0.022261
0. 0. 0. 0. 0. 0. 0. 0. 0. 0. 0.
6  .296471 4.533219 -2.270982 1.068627 -0.036391 0.022261
0. 0. 0. 0. 0. 0. 0. 0. 0. 0.
#60|30|60
1 0. 0. 0.
 'DRIFT'				12                                                                                 12            12
6.0
 'ELMULT'            FQ1		13                                                                   13            13
0
22. 4. 0. -8.92103890E2 0. 0. 0. 0. 0. 0. 0. 0.
0. 8. 0. 0. 0. 0. 0. 0. 0. 0. 0.
6  .296471 4.533219 -2.270982 1.068627 -0.036391 0.022261
0. 8. 0. 0. 0. 0. 0. 0. 0. 0. 0.
6  .296471 4.533219 -2.270982 1.068627 -0.036391 0.022261
0. 0. 0. 0. 0. 0. 0. 0. 0. 0.
#60|30|60
1 0. 0. 0.
 'DRIFT'                                                                                                     14
95.5
 'CHANGREF'                                                                                                  15
0. 0. 0.
 'BEND'                          15                                                            23            16
0
120.2081528  0.  4.77105
15.    4.      0.62831853
6     0.498959 1.911289 -1.185953 1.630554 -1.082657 0.318111
15.    4.      0.62831853
6     0.498959 1.911289 -1.185953 1.630554 -1.082657 0.318111
0.3
3    0.      0.      -0.78564747
 'CHANGREF'                                                                                                  17
0. 0. 0.
 'DRIFT'                                                                                                     18
75.0
 'MATRIX'                                                                                                    19
1  0
 'ELMULT'	  MULT			17                                                                          20            20
0
30. 20. 0. 0. 0. 0. 0. 0. 0. 0. 0. 0.
0. 0. 0. 0. 0. 0. 0. 0. 0. 0. 0.
0  0. 0. 0. 0. 0. 0.
0. 0. 0. 0. 0. 0. 0. 0. 0. 0. 0.
0  0. 0. 0. 0. 0. 0.
0. 0. 0. 0. 0. 0. 0. 0. 0. 0.
0.1
1 0. 0. 0.
 'DRIFT'				18                                                                               21              21
75.0
 'CHANGREF'                                                                                    22            22
0. 0.  0.
 'BEND'                          15                                                            23            23
0
120.2081528  0.  4.77105
15.    4.      0.62831853
6     0.498959 1.911289 -1.185953 1.630554 -1.082657 0.318111
15.    4.      0.62831853
6     0.498959 1.911289 -1.185953 1.630554 -1.082657 0.318111
0.3
3    0.      0.      -0.78564747
 'CHANGREF'                                                                                    24            24
0. 0.  0.
 'MATRIX'                                                                                      25            25
1  0
 'DRIFT'                                                                                       26            26
95.5
 'ELMULT'            FQ2                21                                                     27            27
0
22. 4. 0. -8.92103890E2 0. 0. 0. 0. 0. 0. 0. 0.
0. 4. 0. 0. 0. 0. 0. 0. 0. 0. 0.
6  .296471 4.533219 -2.270982 1.068627 -0.036391 0.022261
0. 4. 0. 0. 0. 0. 0. 0. 0. 0. 0.
6  .296471 4.533219 -2.270982 1.068627 -0.036391 0.022261
0. 0. 0. 0. 0. 0. 0. 0. 0. 0.
#60|30|60
1 0. 0. 0.
 'MATRIX'                                                                                      28            28
1  0
 'DRIFT'				22                                                                                 29            29
6.0
 'ELMULT'	  SEX2			23                                                                        30              30
0
11. 2. 0. 0. 0. 0. 0. 0. 0. 0. 0. 0.
0. 0. 0. 0. 0. 0. 0. 0. 0. 0. 0.
0  0. 0. 0. 0. 0. 0.
0. 0. 0. 0. 0. 0. 0. 0. 0. 0. 0.
0  0. 0. 0. 0. 0. 0.
0. 0. 0. 0. 0. 0. 0. 0. 0. 0.
0.1
1 0. 0. 0.
 'DRIFT'					24                                                                                31            31
27.5
 'DRIFT'  				25                                                                               32            32
27.5
 'ELMULT'                MQ3             26                                                    33            33
0
18.5 2. 0. 7.76346047E2 0. 0. 0. 0. 0. 0. 0. 0.
0. 4. 0. 0. 0. 0. 0. 0. 0. 0. 0.
6  .296471 4.533219 -2.270982 1.068627 -0.036391 0.022261
0. 4. 0. 0. 0. 0. 0. 0. 0. 0. 0.
6  .296471 4.533219 -2.270982 1.068627 -0.036391 0.022261
0. 0. 0. 0. 0. 0. 0. 0. 0. 0.
#60|30|60
1 0. 0. 0.
 'MATRIX'                                                                                      34            34
1   0
 'DRIFT'  				27                                                                               35            35
10.00
 'ELMULT'              MQ4             28                                                     36             36
0
18.5 2. 0. -6.77243474E2 0. 0. 0. 0. 0. 0. 0. 0.
0. 4. 0. 0. 0. 0. 0. 0. 0. 0. 0.
6  .296471 4.533219 -2.270982 1.068627 -0.036391 0.022261
0. 4. 0. 0. 0. 0. 0. 0. 0. 0. 0.
6  .296471 4.533219 -2.270982 1.068627 -0.036391 0.022261
0. 0. 0. 0. 0. 0. 0. 0. 0. 0.
#60|30|60
1  0. 0. 0.
 'MATRIX'                                                                                      37            37
1   0
 'DRIFT'  				29                                                                               38            38
42.	
 'MATRIX'                                                                                      39            39
2   0
 'QUADRUPO'              MQ0             30                                                    40            40
0
0.000001 2. 0.000000000001
0. 0.
6 0.0 0.0 0.0 0.0 0.0 0.0
0. 0.
6 0.0 0.0 0.0 0.0 0.0 0.0
1.
1  0. 0. 0.
 'END'                                                                                                       41

************************************************************************************************************************************
      1  Keyword, label(s) :  OBJET       				1                 1                   

                          MAGNETIC  RIGIDITY =        405.179 kG*cm

                                         CALCUL  DES  TRAJECTOIRES

                              OBJET  (5)  FORME  DE     11 POINTS 



                                Y (cm)         T (mrd)       Z (cm)        P (mrd)       S (cm)        dp/p 
               Sampling :          0.10E-02      0.10E-02      0.10E-02      0.10E-02      0.10E-02      0.1000E-03
  Reference trajectry #      1 :    0.0           0.0           0.0           0.0           0.0           1.000    

************************************************************************************************************************************
      2  Keyword, label(s) :  PARTICUL    2                     2                   


     Particle  properties :
      
                     Mass          =    122957.        MeV/c2
                     Charge        =   1.602176E-19    C     

              Reference  data :
                    mag. rigidity (kG.cm)   :   405.17900      =p/q, such that dev.=B*L/rigidity
                    mass (MeV/c2)           :   122957.21    
                    momentum (MeV/c)        :   121.46961    
                    energy, total (MeV)     :   122957.27    
                    energy, kinetic (MeV)   :  5.99999876E-02
                    beta = v/c              :  9.8790098658E-04
                    gamma                   :   1.000000488    
                    beta*gamma              :  9.8790146865E-04
                    electric rigidity (MeV) :  0.1199999459    =T[eV]*(gamma+1)/gamma, such that dev.=E*L/rigidity
  
 I, AMQ(1,I), AMQ(2,I)/QE, P/Pref, v/c, time, s :
  
     1   1.22957210E+05  1.00000000E+00  1.00000000E+00  9.87900987E-04  0.00000000E+00  0.00000000E+00
     2   1.22957210E+05  1.00000000E+00  1.00000000E+00  9.87900987E-04  0.00000000E+00  0.00000000E+00
     3   1.22957210E+05  1.00000000E+00  1.00000000E+00  9.87900987E-04  0.00000000E+00  0.00000000E+00
     4   1.22957210E+05  1.00000000E+00  1.00000000E+00  9.87900987E-04  0.00000000E+00  0.00000000E+00
     5   1.22957210E+05  1.00000000E+00  1.00000000E+00  9.87900987E-04  0.00000000E+00  0.00000000E+00
     6   1.22957210E+05  1.00000000E+00  1.00000000E+00  9.87900987E-04  0.00000000E+00  0.00000000E+00
     7   1.22957210E+05  1.00000000E+00  1.00000000E+00  9.87900987E-04  0.00000000E+00  0.00000000E+00
     8   1.22957210E+05  1.00000000E+00  1.00000000E+00  9.87900987E-04  0.00000000E+00  0.00000000E+00
     9   1.22957210E+05  1.00000000E+00  1.00000000E+00  9.87900987E-04  0.00000000E+00  0.00000000E+00
    10   1.22957210E+05  1.00000000E+00  1.00010000E+00  9.87999777E-04  0.00000000E+00  0.00000000E+00
    11   1.22957210E+05  1.00000000E+00  9.99900000E-01  9.87802197E-04  0.00000000E+00  0.00000000E+00

************************************************************************************************************************************
      3  Keyword, label(s) :  QUADRUPO    MQ0                   3                   


      -----  QUADRUPOLE  : 
                Length  of  element  =   1.00000000E-06  cm
                Bore  radius      RO =    2.0000      cm
               B-QUADRUPOLE  =  1.0000000E-12 kG   (i.e.,   1.0000000E-12 * SCAL)

               Entrance/exit field models are sharp edge
               FINTE, FINTS, gap :    0.0000E+00   0.0000E+00   1.0000E+00

                    Integration step :   1.000     cm

  A    1  1.0000     0.000     0.000     0.000     0.000            0.000     0.000     0.000     0.000     0.000            1
  A    1  1.0000     0.001     0.000     0.000     0.000            0.000     0.001    -0.000     0.000     0.000            2
  A    1  1.0000    -0.001     0.000     0.000     0.000            0.000    -0.001     0.000     0.000     0.000            3
  A    1  1.0000     0.000     0.001     0.000     0.000            0.000     0.000     0.000     0.000     0.000            4
  A    1  1.0000     0.000    -0.001     0.000     0.000            0.000    -0.000    -0.000     0.000     0.000            5
  A    1  1.0000     0.000     0.000     0.001     0.000            0.000     0.000     0.000     0.001     0.000            6
  A    1  1.0000     0.000     0.000    -0.001     0.000            0.000     0.000     0.000    -0.001    -0.000            7
  A    1  1.0000     0.000     0.000     0.000     0.001            0.000     0.000     0.000     0.000     0.000            8
  A    1  1.0000     0.000     0.000     0.000    -0.001            0.000     0.000     0.000    -0.000    -0.000            9
  A    1  1.0001     0.000     0.000     0.000     0.000            0.000     0.000     0.000     0.000     0.000           10
  A    1  0.9999     0.000     0.000     0.000     0.000            0.000     0.000     0.000     0.000     0.000           11

     KPOS =  1.  Change  of  frame  at  exit  of  element.
          X =   0.000     CM   Y =   0.000     cm,  tilt  angle =   0.00000     RAD


 Cumulative length of optical axis =   1.000000000E-08 m ;  Time  (for ref. rigidity & particle) =   3.376493E-14 s 

************************************************************************************************************************************
      4  Keyword, label(s) :  DRIFT       				4                 4                   


                              Drift,  length =    42.00000  cm

TRAJ #1 IEX,D,Y,T,Z,P,S,time :  1  0.000000E+00  0.000000E+00  0.000000E+00  0.000000E+00  0.000000E+00   4.2000001E+01   1.41813E+00

 Cumulative length of optical axis =   0.420000010     m   ;  Time  (for reference rigidity & particle) =   1.418127E-06 s 

************************************************************************************************************************************
      5  Keyword, label(s) :  ELMULT      		MQ1		5              5                   


      -----  MULTIPOLE   : 
                Length  of  element  =    18.500000      cm
                Bore  radius      RO =    2.0000      cm
               E-DIPOLE      =  0.0000000E+00 V/m  (i.e.,   0.0000000E+00 * SCAL)
               E-QUADRUPOLE  = -6.7719326E+02 V/m  (i.e.,  -6.7719326E+02 * SCAL)
               E-SEXTUPOLE   =  0.0000000E+00 V/m  (i.e.,   0.0000000E+00 * SCAL)
               E-OCTUPOLE    =  0.0000000E+00 V/m  (i.e.,   0.0000000E+00 * SCAL)
               E-DECAPOLE    =  0.0000000E+00 V/m  (i.e.,   0.0000000E+00 * SCAL)
               E-DODECAPOLE  =  0.0000000E+00 V/m  (i.e.,   0.0000000E+00 * SCAL)
               E-14-POLE     =  0.0000000E+00 V/m  (i.e.,   0.0000000E+00 * SCAL)
               E-16-POLE     =  0.0000000E+00 V/m  (i.e.,   0.0000000E+00 * SCAL)
               E-18-POLE     =  0.0000000E+00 V/m  (i.e.,   0.0000000E+00 * SCAL)
               E-20-POLE     =  0.0000000E+00 V/m  (i.e.,   0.0000000E+00 * SCAL)

                Entrance  face  
                     with  fringe  field :
                     DX  =   0.000  CM 
                     LAMBDA-DIPOLE     =  1.000  CM
                     LAMBDA-QUADRUPOLE =  0.000  CM
                     LAMBDA-SEXTUPOLE  =  0.000  CM
                     LAMBDA-OCTUPOLE   =  0.000  CM
                     LAMBDA-DECAPOLE   =  0.000  CM
                     LAMBDA-DODECAPOLE =  0.000  CM
                     LAMBDA-14-POLE    =  0.000  CM
                     LAMBDA-16-POLE    =  0.000  CM
                     LAMBDA-18-POLE    =  0.000  CM
                     LAMBDA-20-POLE    =  0.000  CM
                    6 COEFFICIENTS :  0.29647  4.53322 -2.27098  1.06863 -0.03639  0.02226

                Exit  face  
                     with  fringe  field :
                     DX  =   0.000  CM 
                     LAMBDA-DIPOLE     =  1.000  CM
                     LAMBDA-QUADRUPOLE =  0.000  CM
                     LAMBDA-SEXTUPOLE  =  0.000  CM
                     LAMBDA-OCTUPOLE   =  0.000  CM
                     LAMBDA-DECAPOLE   =  0.000  CM
                     LAMBDA-DODECAPOLE =  0.000  CM
                     LAMBDA-14-POLE    =  0.000  CM
                     LAMBDA-16-POLE    =  0.000  CM
                     LAMBDA-18-POLE    =  0.000  CM
                     LAMBDA-20-POLE    =  0.000  CM
                    6 COEFFICIENTS :  0.29647  4.53322 -2.27098  1.06863 -0.03639  0.02226

                    Integration steps inside entrance|body|exit region : 
                                      0.00      0.617       0.00     (cm)
                                    60            30      60

  A    1  1.0000     0.000     0.000     0.000     0.000           18.500     0.000     0.000     0.000     0.000            1
  A    1  1.0000     0.001     0.000     0.000     0.000           18.500     0.002     0.000    -0.000    -0.000            2
  A    1  1.0000    -0.001     0.000     0.000     0.000           18.500    -0.002    -0.000     0.000     0.000            3
  A    1  1.0000     0.000     0.001     0.000     0.000           18.500     0.000     0.000    -0.000    -0.000            4
  A    1  1.0000     0.000    -0.001     0.000     0.000           18.500    -0.000    -0.000     0.000     0.000            5
  A    1  1.0000     0.000     0.000     0.001     0.000           18.500    -0.000    -0.000     0.001    -0.000            6
  A    1  1.0000     0.000     0.000    -0.001     0.000           18.500     0.000     0.000    -0.001     0.000            7
  A    1  1.0000     0.000     0.000     0.000     0.001           18.500    -0.000    -0.000     0.000    -0.000            8
  A    1  1.0000     0.000     0.000     0.000    -0.001           18.500     0.000     0.000    -0.000     0.000            9
  A    1  1.0001     0.000     0.000     0.000     0.000           18.500     0.000     0.000     0.000     0.000           10
  A    1  0.9999     0.000     0.000     0.000     0.000           18.500     0.000     0.000     0.000     0.000           11

     KPOS =  1.  Change  of  frame  at  exit  of  element.
          X =   0.000     CM   Y =   0.000     cm,  tilt  angle =   0.00000     RAD


 Cumulative length of optical axis =   0.605000010     m ;  Time  (for ref. rigidity & particle) =   2.042778E-06 s 

************************************************************************************************************************************
      6  Keyword, label(s) :  DRIFT       				6                 6                   


                              Drift,  length =    10.00000  cm

TRAJ #1 IEX,D,Y,T,Z,P,S,time :  1  0.000000E+00  0.000000E+00  0.000000E+00  0.000000E+00  0.000000E+00   7.0500001E+01   2.38043E+00

 Cumulative length of optical axis =   0.705000010     m   ;  Time  (for reference rigidity & particle) =   2.380428E-06 s 

************************************************************************************************************************************
      7  Keyword, label(s) :  ELMULT      		MQ2		7              7                   


      -----  MULTIPOLE   : 
                Length  of  element  =    18.500000      cm
                Bore  radius      RO =    2.0000      cm
               E-DIPOLE      =  0.0000000E+00 V/m  (i.e.,   0.0000000E+00 * SCAL)
               E-QUADRUPOLE  =  7.7629657E+02 V/m  (i.e.,   7.7629657E+02 * SCAL)
               E-SEXTUPOLE   =  0.0000000E+00 V/m  (i.e.,   0.0000000E+00 * SCAL)
               E-OCTUPOLE    =  0.0000000E+00 V/m  (i.e.,   0.0000000E+00 * SCAL)
               E-DECAPOLE    =  0.0000000E+00 V/m  (i.e.,   0.0000000E+00 * SCAL)
               E-DODECAPOLE  =  0.0000000E+00 V/m  (i.e.,   0.0000000E+00 * SCAL)
               E-14-POLE     =  0.0000000E+00 V/m  (i.e.,   0.0000000E+00 * SCAL)
               E-16-POLE     =  0.0000000E+00 V/m  (i.e.,   0.0000000E+00 * SCAL)
               E-18-POLE     =  0.0000000E+00 V/m  (i.e.,   0.0000000E+00 * SCAL)
               E-20-POLE     =  0.0000000E+00 V/m  (i.e.,   0.0000000E+00 * SCAL)

                Entrance  face  
                     with  fringe  field :
                     DX  =   0.000  CM 
                     LAMBDA-DIPOLE     =  1.000  CM
                     LAMBDA-QUADRUPOLE =  0.000  CM
                     LAMBDA-SEXTUPOLE  =  0.000  CM
                     LAMBDA-OCTUPOLE   =  0.000  CM
                     LAMBDA-DECAPOLE   =  0.000  CM
                     LAMBDA-DODECAPOLE =  0.000  CM
                     LAMBDA-14-POLE    =  0.000  CM
                     LAMBDA-16-POLE    =  0.000  CM
                     LAMBDA-18-POLE    =  0.000  CM
                     LAMBDA-20-POLE    =  0.000  CM
                    6 COEFFICIENTS :  0.29647  4.53322 -2.27098  1.06863 -0.03639  0.02226

                Exit  face  
                     with  fringe  field :
                     DX  =   0.000  CM 
                     LAMBDA-DIPOLE     =  1.000  CM
                     LAMBDA-QUADRUPOLE =  0.000  CM
                     LAMBDA-SEXTUPOLE  =  0.000  CM
                     LAMBDA-OCTUPOLE   =  0.000  CM
                     LAMBDA-DECAPOLE   =  0.000  CM
                     LAMBDA-DODECAPOLE =  0.000  CM
                     LAMBDA-14-POLE    =  0.000  CM
                     LAMBDA-16-POLE    =  0.000  CM
                     LAMBDA-18-POLE    =  0.000  CM
                     LAMBDA-20-POLE    =  0.000  CM
                    6 COEFFICIENTS :  0.29647  4.53322 -2.27098  1.06863 -0.03639  0.02226

                    Integration steps inside entrance|body|exit region : 
                                      0.00      0.617       0.00     (cm)
                                    60            30      60

  A    1  1.0000     0.000     0.000     0.000     0.000           18.500     0.000     0.000     0.000     0.000            1
  A    1  1.0000     0.001     0.000     0.000     0.000           18.500     0.002    -0.000    -0.000     0.000            2
  A    1  1.0000    -0.001     0.000     0.000     0.000           18.500    -0.002     0.000     0.000    -0.000            3
  A    1  1.0000     0.000     0.001     0.000     0.000           18.500     0.000    -0.000    -0.000     0.000            4
  A    1  1.0000     0.000    -0.001     0.000     0.000           18.500    -0.000     0.000     0.000    -0.000            5
  A    1  1.0000     0.000     0.000     0.001     0.000           18.500    -0.000     0.000    -0.001    -0.000            6
  A    1  1.0000     0.000     0.000    -0.001     0.000           18.500     0.000    -0.000     0.001     0.000            7
  A    1  1.0000     0.000     0.000     0.000     0.001           18.500    -0.000     0.000     0.000    -0.000            8
  A    1  1.0000     0.000     0.000     0.000    -0.001           18.500     0.000    -0.000    -0.000     0.000            9
  A    1  1.0001     0.000     0.000     0.000     0.000           18.500     0.000     0.000     0.000     0.000           10
  A    1  0.9999     0.000     0.000     0.000     0.000           18.500     0.000     0.000     0.000     0.000           11

     KPOS =  1.  Change  of  frame  at  exit  of  element.
          X =   0.000     CM   Y =   0.000     cm,  tilt  angle =   0.00000     RAD


 Cumulative length of optical axis =   0.890000010     m ;  Time  (for ref. rigidity & particle) =   3.005079E-06 s 

************************************************************************************************************************************
      8  Keyword, label(s) :  DRIFT       				8                 8                   


                              Drift,  length =    27.50000  cm

TRAJ #1 IEX,D,Y,T,Z,P,S,time :  1  0.000000E+00  0.000000E+00  0.000000E+00  0.000000E+00  0.000000E+00   1.1650000E+02   3.93361E+00

 Cumulative length of optical axis =    1.16500001     m   ;  Time  (for reference rigidity & particle) =   3.933615E-06 s 

************************************************************************************************************************************
      9  Keyword, label(s) :  MATRIX      				9                 9                   


  Reference, before change of frame (part #     1)  : 
   0.00000000E+00   0.00000000E+00   0.00000000E+00   0.00000000E+00   0.00000000E+00   1.16500001E+02   3.93361460E+00

           Frame for MATRIX calculation moved by :
            XC =    0.000 cm , YC =    0.000 cm ,   A =  0.00000 deg  ( = 0.000000 rad )


  Reference, after change of frame (part #     1)  : 
   0.00000000E+00   0.00000000E+00   0.00000000E+00   0.00000000E+00   0.00000000E+00   1.16500001E+02   3.93361460E+00

  Reference particle (#     1), path length :   116.50000     cm  relative momentum :    1.00000    


                  TRANSFER  MATRIX  ORDRE  1  (MKSA units)

         -7.659618E-02    9.008714E-02   -6.747711E-17   -1.251246E-17     0.00000         0.00000    
          -7.51190        -4.22045        6.945080E-17    1.229929E-16     0.00000         0.00000    
          5.023429E-17    1.011666E-16    -2.52640        6.449885E-02     0.00000         0.00000    
          4.754871E-16    4.529758E-16    -6.29315       -0.235155         0.00000         0.00000    
           0.00000         0.00000         0.00000         0.00000         1.00000         0.00000    
           0.00000         0.00000         0.00000         0.00000         0.00000         1.00000    

          DetY-1 =      -0.0000033402,    DetZ-1 =      -0.0000033322

          R12=0 at   0.2135E-01 m,        R34=0 at   0.2743     m

      First order symplectic conditions (expected values = 0) :
        -3.3402E-06   -3.3322E-06   -1.4589E-16   -9.4734E-17   -3.7294E-16   -2.2921E-16

************************************************************************************************************************************
     10  Keyword, label(s) :  DRIFT       					10               10                  


                              Drift,  length =    27.50000  cm

TRAJ #1 IEX,D,Y,T,Z,P,S,time :  1  0.000000E+00  0.000000E+00  0.000000E+00  0.000000E+00  0.000000E+00   1.4400000E+02   4.86215E+00

 Cumulative length of optical axis =    1.44000001     m   ;  Time  (for reference rigidity & particle) =   4.862150E-06 s 

************************************************************************************************************************************
     11  Keyword, label(s) :  ELMULT      SEX1			11             11                  


      -----  MULTIPOLE   : 
                Length  of  element  =    11.000000      cm
                Bore  radius      RO =    2.0000      cm
               E-DIPOLE      =  0.0000000E+00 V/m  (i.e.,   0.0000000E+00 * SCAL)
               E-QUADRUPOLE  =  0.0000000E+00 V/m  (i.e.,   0.0000000E+00 * SCAL)
               E-SEXTUPOLE   =  0.0000000E+00 V/m  (i.e.,   0.0000000E+00 * SCAL)
               E-OCTUPOLE    =  0.0000000E+00 V/m  (i.e.,   0.0000000E+00 * SCAL)
               E-DECAPOLE    =  0.0000000E+00 V/m  (i.e.,   0.0000000E+00 * SCAL)
               E-DODECAPOLE  =  0.0000000E+00 V/m  (i.e.,   0.0000000E+00 * SCAL)
               E-14-POLE     =  0.0000000E+00 V/m  (i.e.,   0.0000000E+00 * SCAL)
               E-16-POLE     =  0.0000000E+00 V/m  (i.e.,   0.0000000E+00 * SCAL)
               E-18-POLE     =  0.0000000E+00 V/m  (i.e.,   0.0000000E+00 * SCAL)
               E-20-POLE     =  0.0000000E+00 V/m  (i.e.,   0.0000000E+00 * SCAL)

               Entrance/exit field models are sharp edge
               FINTE, FINTS, gap :    0.0000E+00   0.0000E+00   0.0000E+00

                    Integration steps inside entrance|body|exit region : 
                                      0.00      0.367       0.00     (cm)
                                    60            30      60


                          ++++++++  ZERO  FIELD  ++++++++++
               Element  is  equivalent  to  drift  of  length     11.00000 cm

 Cumulative length of optical axis =    1.55000001     m   ;  Time  (for reference rigidity & particle) =   5.233564E-06 s 

************************************************************************************************************************************
     12  Keyword, label(s) :  DRIFT       				12                12                  


                              Drift,  length =     6.00000  cm

TRAJ #1 IEX,D,Y,T,Z,P,S,time :  1  0.000000E+00  0.000000E+00  0.000000E+00  0.000000E+00  0.000000E+00   1.6100000E+02   5.43615E+00

 Cumulative length of optical axis =    1.61000001     m   ;  Time  (for reference rigidity & particle) =   5.436154E-06 s 

************************************************************************************************************************************
     13  Keyword, label(s) :  ELMULT      FQ1		13               13                  


      -----  MULTIPOLE   : 
                Length  of  element  =    22.000000      cm
                Bore  radius      RO =    4.0000      cm
               E-DIPOLE      =  0.0000000E+00 V/m  (i.e.,   0.0000000E+00 * SCAL)
               E-QUADRUPOLE  = -8.9210389E+02 V/m  (i.e.,  -8.9210389E+02 * SCAL)
               E-SEXTUPOLE   =  0.0000000E+00 V/m  (i.e.,   0.0000000E+00 * SCAL)
               E-OCTUPOLE    =  0.0000000E+00 V/m  (i.e.,   0.0000000E+00 * SCAL)
               E-DECAPOLE    =  0.0000000E+00 V/m  (i.e.,   0.0000000E+00 * SCAL)
               E-DODECAPOLE  =  0.0000000E+00 V/m  (i.e.,   0.0000000E+00 * SCAL)
               E-14-POLE     =  0.0000000E+00 V/m  (i.e.,   0.0000000E+00 * SCAL)
               E-16-POLE     =  0.0000000E+00 V/m  (i.e.,   0.0000000E+00 * SCAL)
               E-18-POLE     =  0.0000000E+00 V/m  (i.e.,   0.0000000E+00 * SCAL)
               E-20-POLE     =  0.0000000E+00 V/m  (i.e.,   0.0000000E+00 * SCAL)

                Entrance  face  
                     with  fringe  field :
                     DX  =   0.000  CM 
                     LAMBDA-DIPOLE     =  8.000  CM
                     LAMBDA-QUADRUPOLE =  0.000  CM
                     LAMBDA-SEXTUPOLE  =  0.000  CM
                     LAMBDA-OCTUPOLE   =  0.000  CM
                     LAMBDA-DECAPOLE   =  0.000  CM
                     LAMBDA-DODECAPOLE =  0.000  CM
                     LAMBDA-14-POLE    =  0.000  CM
                     LAMBDA-16-POLE    =  0.000  CM
                     LAMBDA-18-POLE    =  0.000  CM
                     LAMBDA-20-POLE    =  0.000  CM
                    6 COEFFICIENTS :  0.29647  4.53322 -2.27098  1.06863 -0.03639  0.02226

                Exit  face  
                     with  fringe  field :
                     DX  =   0.000  CM 
                     LAMBDA-DIPOLE     =  8.000  CM
                     LAMBDA-QUADRUPOLE =  0.000  CM
                     LAMBDA-SEXTUPOLE  =  0.000  CM
                     LAMBDA-OCTUPOLE   =  0.000  CM
                     LAMBDA-DECAPOLE   =  0.000  CM
                     LAMBDA-DODECAPOLE =  0.000  CM
                     LAMBDA-14-POLE    =  0.000  CM
                     LAMBDA-16-POLE    =  0.000  CM
                     LAMBDA-18-POLE    =  0.000  CM
                     LAMBDA-20-POLE    =  0.000  CM
                    6 COEFFICIENTS :  0.29647  4.53322 -2.27098  1.06863 -0.03639  0.02226

                    Integration steps inside entrance|body|exit region : 
                                      0.00      0.733       0.00     (cm)
                                    60            30      60

  A    1  1.0000     0.000     0.000     0.000     0.000           22.000     0.000     0.000     0.000     0.000            1
  A    1  1.0000     0.001     0.000     0.000     0.000           22.000    -0.006    -0.000     0.000     0.000            2
  A    1  1.0000    -0.001     0.000     0.000     0.000           22.000     0.006     0.000    -0.000    -0.000            3
  A    1  1.0000     0.000     0.001     0.000     0.000           22.000    -0.000    -0.000     0.000     0.000            4
  A    1  1.0000     0.000    -0.001     0.000     0.000           22.000     0.000     0.000    -0.000    -0.000            5
  A    1  1.0000     0.000     0.000     0.001     0.000           22.000     0.000     0.000    -0.005     0.000            6
  A    1  1.0000     0.000     0.000    -0.001     0.000           22.000    -0.000    -0.000     0.005    -0.000            7
  A    1  1.0000     0.000     0.000     0.000     0.001           22.000     0.000     0.000    -0.000    -0.000            8
  A    1  1.0000     0.000     0.000     0.000    -0.001           22.000    -0.000    -0.000     0.000     0.000            9
  A    1  1.0001     0.000     0.000     0.000     0.000           22.000     0.000     0.000     0.000     0.000           10
  A    1  0.9999     0.000     0.000     0.000     0.000           22.000     0.000     0.000     0.000     0.000           11

     KPOS =  1.  Change  of  frame  at  exit  of  element.
          X =   0.000     CM   Y =   0.000     cm,  tilt  angle =   0.00000     RAD


 Cumulative length of optical axis =    1.83000001     m ;  Time  (for ref. rigidity & particle) =   6.178983E-06 s 

************************************************************************************************************************************
     14  Keyword, label(s) :  DRIFT                                                 


                              Drift,  length =    95.50000  cm

TRAJ #1 IEX,D,Y,T,Z,P,S,time :  1  0.000000E+00  0.000000E+00  0.000000E+00  0.000000E+00  0.000000E+00   2.7850000E+02   9.40353E+00

 Cumulative length of optical axis =    2.78500001     m   ;  Time  (for reference rigidity & particle) =   9.403534E-06 s 

************************************************************************************************************************************
     15  Keyword, label(s) :  CHANGREF                                              


 CHANGE  OF  REFERENCE  FRAME,   XC =     0.000 cm , YC =     0.000  cm ,   A =     0.00000 deg  (  0.000000 rad)


 Traj #1,  IEX,D,Y,T,Z,P,S,time :  1   1.000       0.000       0.000       0.000       0.000           278.50           9.4035    

************************************************************************************************************************************
     16  Keyword, label(s) :  BEND        15                    23                  


      +++++        BEND  : 

                Length    =   1.202082E+02 cm
                Arc length    =   1.334414E+02 cm
                Deviation    =   9.002857E+01 deg.,    1.571295E+00 rad
                GAP   =   0.000000E+00 cm
                Gradient   =   0.000000E+00 kG/cm
                Grad-prime   =   0.000000E+00 kG/cm^2

                Field  =  4.7710500E+00  kG   (i.e.,   4.7710500E+00 * SCAL)
                Reference curvature radius (Brho/B) =   8.4924493E+01 cm
                Skew  angle  =   0.000000E+00  rad

               Entrance  face  
                DX =     15.000    LAMBDA =      4.000
                Wedge  angle  =  0.628319 RD
                Fringe  field  coefficients :
                  0.49896  1.91129 -1.18595  1.63055 -1.08266  0.31811

               Exit      face  
                DX =     15.000    LAMBDA =      4.000
                Wedge  angle  =  0.628319 RD
                Fringe  field  coefficients :
                  0.49896  1.91129 -1.18595  1.63055 -1.08266  0.31811

     KPOS =  3 :  automatic positioning of element, 
        XCE, YCE, ALE =   0.000000000       0.000000000     -0.7856474700     cm/cm/rad

                    Integration step :  0.3000     cm

  A    1  1.0000     0.000     0.000     0.000     0.000          150.208    -0.000    -0.786     0.000     0.000            1
  A    1  1.0000     0.001     0.000     0.000     0.000          150.208    -0.043    -0.786     0.000    -0.000            2
  A    1  1.0000    -0.001     0.000     0.000     0.000          150.208     0.043    -0.786    -0.000     0.000            3
  A    1  1.0000     0.000     0.001     0.000     0.000          150.208    -0.003    -0.786    -0.000    -0.000            4
  A    1  1.0000     0.000    -0.001     0.000     0.000          150.208     0.002    -0.786     0.000     0.000            5
  A    1  1.0000     0.000     0.000     0.001     0.000          150.208    -0.000    -0.786     0.007    -0.000            6
  A    1  1.0000     0.000     0.000    -0.001     0.000          150.208    -0.000    -0.786    -0.007     0.000            7
  A    1  1.0000     0.000     0.000     0.000     0.001          150.208    -0.000    -0.786    -0.000     0.000            8
  A    1  1.0000     0.000     0.000     0.000    -0.001          150.208    -0.000    -0.786     0.000    -0.000            9
  A    1  1.0001     0.000     0.000     0.000     0.000          150.208     0.012    -0.785     0.000     0.000           10
  A    1  0.9999     0.000     0.000     0.000     0.000          150.208    -0.012    -0.786     0.000     0.000           11

     KPOS =  3.  Automatic  positionning  of  element.
          X =   0.000     CM   Y =   0.000     cm,  tilt  angle = -0.785647     RAD


 Cumulative length of optical axis =    4.12026786     m ;  Time  (for ref. rigidity & particle) =   1.391206E-05 s 

************************************************************************************************************************************
     17  Keyword, label(s) :  CHANGREF                                              


 CHANGE  OF  REFERENCE  FRAME,   XC =     0.000 cm , YC =     0.000  cm ,   A =     0.00000 deg  (  0.000000 rad)


 Traj #1,  IEX,D,Y,T,Z,P,S,time :  1   1.000     -1.2645E-04 -2.5908E-03   0.000       0.000           411.92           13.908    

************************************************************************************************************************************
     18  Keyword, label(s) :  DRIFT                                                 


                              Drift,  length =    75.00000  cm

TRAJ #1 IEX,D,Y,T,Z,P,S,time :  1  0.000000E+00 -3.207573E-04 -2.590813E-03  0.000000E+00  0.000000E+00   4.8692098E+02   1.64409E+01

 Cumulative length of optical axis =    4.87026786     m   ;  Time  (for reference rigidity & particle) =   1.644443E-05 s 

************************************************************************************************************************************
     19  Keyword, label(s) :  MATRIX                                                


  Reference, before change of frame (part #     1)  : 
   0.00000000E+00  -3.20757266E-04  -2.59081282E-03   0.00000000E+00   0.00000000E+00   4.86920981E+02   1.64408538E+01

           Frame for MATRIX calculation moved by :
            XC =    0.000 cm , YC =   -0.000 cm ,   A = -0.00015 deg  ( =-0.000003 rad )


  Reference, after change of frame (part #     1)  : 
   0.00000000E+00   0.00000000E+00   0.00000000E+00   0.00000000E+00   0.00000000E+00   4.86920981E+02   1.64408538E+01

  Reference particle (#     1), path length :   486.92098     cm  relative momentum :    1.00000    


                  TRANSFER  MATRIX  ORDRE  1  (MKSA units)

          -30.1952        -16.4194         0.00000         0.00000         0.00000         2.14265    
          6.688634E-02    3.253307E-03     0.00000         0.00000         0.00000         1.72655    
          3.807527E-16   -2.300955E-16     6.93580       -2.232570E-02     0.00000         0.00000    
         -1.012607E-15   -2.778823E-16   -7.716097E-03    0.144204         0.00000         0.00000    
          -52.2769        -28.3560         0.00000         0.00000         1.00000        0.487356    
           0.00000         0.00000         0.00000         0.00000         0.00000         1.00000    

          DetY-1 =      -0.0000003637,    DetZ-1 =      -0.0000037412

          R12=0 at    5047.     m,        R34=0 at   0.1548     m

      First order symplectic conditions (expected values = 0) :
        -3.6373E-07   -3.7412E-06    3.2299E-17   -3.9385E-17   -7.0203E-15   -1.9291E-15

************************************************************************************************************************************
     20  Keyword, label(s) :  ELMULT      	                     MULT			17           


      -----  MULTIPOLE   : 
                Length  of  element  =    30.000000      cm
                Bore  radius      RO =    20.000      cm
               E-DIPOLE      =  0.0000000E+00 V/m  (i.e.,   0.0000000E+00 * SCAL)
               E-QUADRUPOLE  =  0.0000000E+00 V/m  (i.e.,   0.0000000E+00 * SCAL)
               E-SEXTUPOLE   =  0.0000000E+00 V/m  (i.e.,   0.0000000E+00 * SCAL)
               E-OCTUPOLE    =  0.0000000E+00 V/m  (i.e.,   0.0000000E+00 * SCAL)
               E-DECAPOLE    =  0.0000000E+00 V/m  (i.e.,   0.0000000E+00 * SCAL)
               E-DODECAPOLE  =  0.0000000E+00 V/m  (i.e.,   0.0000000E+00 * SCAL)
               E-14-POLE     =  0.0000000E+00 V/m  (i.e.,   0.0000000E+00 * SCAL)
               E-16-POLE     =  0.0000000E+00 V/m  (i.e.,   0.0000000E+00 * SCAL)
               E-18-POLE     =  0.0000000E+00 V/m  (i.e.,   0.0000000E+00 * SCAL)
               E-20-POLE     =  0.0000000E+00 V/m  (i.e.,   0.0000000E+00 * SCAL)

               Entrance/exit field models are sharp edge
               FINTE, FINTS, gap :    0.0000E+00   0.0000E+00   0.0000E+00

                    Integration step :  0.1000     cm


                          ++++++++  ZERO  FIELD  ++++++++++
               Element  is  equivalent  to  drift  of  length     30.00000 cm

 Cumulative length of optical axis =    5.17026786     m   ;  Time  (for reference rigidity & particle) =   1.745737E-05 s 

************************************************************************************************************************************
     21  Keyword, label(s) :  DRIFT       				18                21                  


                              Drift,  length =    75.00000  cm

TRAJ #1 IEX,D,Y,T,Z,P,S,time :  1  0.000000E+00 -5.927926E-04 -2.590813E-03  0.000000E+00  0.000000E+00   5.9192098E+02   1.99862E+01

 Cumulative length of optical axis =    5.92026786     m   ;  Time  (for reference rigidity & particle) =   1.998974E-05 s 

************************************************************************************************************************************
     22  Keyword, label(s) :  CHANGREF    22                                        


 CHANGE  OF  REFERENCE  FRAME,   XC =     0.000 cm , YC =     0.000  cm ,   A =     0.00000 deg  (  0.000000 rad)


 Traj #1,  IEX,D,Y,T,Z,P,S,time :  1   1.000     -5.9279E-04 -2.5908E-03   0.000       0.000           591.92           19.986    

************************************************************************************************************************************
     23  Keyword, label(s) :  BEND        15                    23                  


      +++++        BEND  : 

                Length    =   1.202082E+02 cm
                Arc length    =   1.334414E+02 cm
                Deviation    =   9.002857E+01 deg.,    1.571295E+00 rad
                GAP   =   0.000000E+00 cm
                Gradient   =   0.000000E+00 kG/cm
                Grad-prime   =   0.000000E+00 kG/cm^2

                Field  =  4.7710500E+00  kG   (i.e.,   4.7710500E+00 * SCAL)
                Reference curvature radius (Brho/B) =   8.4924493E+01 cm
                Skew  angle  =   0.000000E+00  rad

               Entrance  face  
                DX =     15.000    LAMBDA =      4.000
                Wedge  angle  =  0.628319 RD
                Fringe  field  coefficients :
                  0.49896  1.91129 -1.18595  1.63055 -1.08266  0.31811

               Exit      face  
                DX =     15.000    LAMBDA =      4.000
                Wedge  angle  =  0.628319 RD
                Fringe  field  coefficients :
                  0.49896  1.91129 -1.18595  1.63055 -1.08266  0.31811

     KPOS =  3 :  automatic positioning of element, 
        XCE, YCE, ALE =   0.000000000       0.000000000     -0.7856474700     cm/cm/rad

                    Integration step :  0.3000     cm

  A    1  1.0000     0.000     0.000     0.000     0.000          150.208    -0.001    -0.786     0.000     0.000            1
  A    1  1.0000     0.001     0.000     0.000     0.000          150.208    -0.032    -0.785    -0.000     0.000            2
  A    1  1.0000    -0.001     0.000     0.000     0.000          150.208     0.030    -0.786     0.000    -0.000            3
  A    1  1.0000     0.000     0.001     0.000     0.000          150.208    -0.003    -0.786    -0.000     0.000            4
  A    1  1.0000     0.000    -0.001     0.000     0.000          150.208     0.001    -0.786     0.000    -0.000            5
  A    1  1.0000     0.000     0.000     0.001     0.000          150.208    -0.001    -0.786    -0.001    -0.000            6
  A    1  1.0000     0.000     0.000    -0.001     0.000          150.208    -0.001    -0.786     0.001     0.000            7
  A    1  1.0000     0.000     0.000     0.000     0.001          150.208    -0.001    -0.786     0.000    -0.000            8
  A    1  1.0000     0.000     0.000     0.000    -0.001          150.208    -0.001    -0.786    -0.000     0.000            9
  A    1  1.0001     0.000     0.000     0.000     0.000          150.208     0.072    -0.786     0.000     0.000           10
  A    1  0.9999     0.000     0.000     0.000     0.000          150.208    -0.074    -0.786     0.000     0.000           11

     KPOS =  3.  Automatic  positionning  of  element.
          X =   0.000     CM   Y =   0.000     cm,  tilt  angle = -0.785647     RAD


 Cumulative length of optical axis =    7.25553571     m ;  Time  (for ref. rigidity & particle) =   2.449827E-05 s 

************************************************************************************************************************************
     24  Keyword, label(s) :  CHANGREF    24                                        


 CHANGE  OF  REFERENCE  FRAME,   XC =     0.000 cm , YC =     0.000  cm ,   A =     0.00000 deg  (  0.000000 rad)


 Traj #1,  IEX,D,Y,T,Z,P,S,time :  1   1.000     -7.7681E-04 -1.1727E-03   0.000       0.000           725.34           24.491    

************************************************************************************************************************************
     25  Keyword, label(s) :  MATRIX      25                                        


  Reference, before change of frame (part #     1)  : 
   0.00000000E+00  -7.76814484E-04  -1.17266041E-03   0.00000000E+00   0.00000000E+00   7.25340718E+02   2.44910799E+01

           Frame for MATRIX calculation moved by :
            XC =    0.000 cm , YC =   -0.001 cm ,   A = -0.00007 deg  ( =-0.000001 rad )


  Reference, after change of frame (part #     1)  : 
   0.00000000E+00   0.00000000E+00   0.00000000E+00   0.00000000E+00   0.00000000E+00   7.25340718E+02   2.44910799E+01

  Reference particle (#     1), path length :   725.34072     cm  relative momentum :    1.00000    


                  TRANSFER  MATRIX  ORDRE  1  (MKSA units)

          -21.8324        -11.9253         0.00000         0.00000         0.00000         5.18556    
           16.8222         9.14279         0.00000         0.00000         0.00000        0.778653    
         -1.300966E-15   -3.311427E-16   -0.546004        0.182802         0.00000         0.00000    
          5.857609E-16    4.095197E-16    -5.15038       -0.107134         0.00000         0.00000    
          -104.232        -56.6961         0.00000         0.00000         1.00000         9.26775    
           0.00000         0.00000         0.00000         0.00000         0.00000         1.00000    

          DetY-1 =       0.0000000430,    DetZ-1 =      -0.0000036021

          R12=0 at    1.304     m,        R34=0 at    1.706     m

      First order symplectic conditions (expected values = 0) :
         4.3031E-08   -3.6021E-06    3.2299E-17   -3.9385E-17   -7.0203E-15   -1.9291E-15

************************************************************************************************************************************
     26  Keyword, label(s) :  DRIFT       26                                        


                              Drift,  length =    95.50000  cm

TRAJ #1 IEX,D,Y,T,Z,P,S,time :  1  0.000000E+00 -8.888036E-04 -1.172660E-03  0.000000E+00  0.000000E+00   8.2084072E+02   2.77156E+01

 Cumulative length of optical axis =    8.21053571     m   ;  Time  (for reference rigidity & particle) =   2.772282E-05 s 

************************************************************************************************************************************
     27  Keyword, label(s) :  ELMULT      FQ2                   21                  


      -----  MULTIPOLE   : 
                Length  of  element  =    22.000000      cm
                Bore  radius      RO =    4.0000      cm
               E-DIPOLE      =  0.0000000E+00 V/m  (i.e.,   0.0000000E+00 * SCAL)
               E-QUADRUPOLE  = -8.9210389E+02 V/m  (i.e.,  -8.9210389E+02 * SCAL)
               E-SEXTUPOLE   =  0.0000000E+00 V/m  (i.e.,   0.0000000E+00 * SCAL)
               E-OCTUPOLE    =  0.0000000E+00 V/m  (i.e.,   0.0000000E+00 * SCAL)
               E-DECAPOLE    =  0.0000000E+00 V/m  (i.e.,   0.0000000E+00 * SCAL)
               E-DODECAPOLE  =  0.0000000E+00 V/m  (i.e.,   0.0000000E+00 * SCAL)
               E-14-POLE     =  0.0000000E+00 V/m  (i.e.,   0.0000000E+00 * SCAL)
               E-16-POLE     =  0.0000000E+00 V/m  (i.e.,   0.0000000E+00 * SCAL)
               E-18-POLE     =  0.0000000E+00 V/m  (i.e.,   0.0000000E+00 * SCAL)
               E-20-POLE     =  0.0000000E+00 V/m  (i.e.,   0.0000000E+00 * SCAL)

                Entrance  face  
                     with  fringe  field :
                     DX  =   0.000  CM 
                     LAMBDA-DIPOLE     =  4.000  CM
                     LAMBDA-QUADRUPOLE =  0.000  CM
                     LAMBDA-SEXTUPOLE  =  0.000  CM
                     LAMBDA-OCTUPOLE   =  0.000  CM
                     LAMBDA-DECAPOLE   =  0.000  CM
                     LAMBDA-DODECAPOLE =  0.000  CM
                     LAMBDA-14-POLE    =  0.000  CM
                     LAMBDA-16-POLE    =  0.000  CM
                     LAMBDA-18-POLE    =  0.000  CM
                     LAMBDA-20-POLE    =  0.000  CM
                    6 COEFFICIENTS :  0.29647  4.53322 -2.27098  1.06863 -0.03639  0.02226

                Exit  face  
                     with  fringe  field :
                     DX  =   0.000  CM 
                     LAMBDA-DIPOLE     =  4.000  CM
                     LAMBDA-QUADRUPOLE =  0.000  CM
                     LAMBDA-SEXTUPOLE  =  0.000  CM
                     LAMBDA-OCTUPOLE   =  0.000  CM
                     LAMBDA-DECAPOLE   =  0.000  CM
                     LAMBDA-DODECAPOLE =  0.000  CM
                     LAMBDA-14-POLE    =  0.000  CM
                     LAMBDA-16-POLE    =  0.000  CM
                     LAMBDA-18-POLE    =  0.000  CM
                     LAMBDA-20-POLE    =  0.000  CM
                    6 COEFFICIENTS :  0.29647  4.53322 -2.27098  1.06863 -0.03639  0.02226

                    Integration steps inside entrance|body|exit region : 
                                      0.00      0.733       0.00     (cm)
                                    60            30      60

  A    1  1.0000     0.000     0.000     0.000     0.000           22.000    -0.001    -0.000     0.000     0.000            1
  A    1  1.0000     0.001     0.000     0.000     0.000           22.000    -0.004     0.000    -0.000     0.000            2
  A    1  1.0000    -0.001     0.000     0.000     0.000           22.000     0.002    -0.000     0.000    -0.000            3
  A    1  1.0000     0.000     0.001     0.000     0.000           22.000    -0.001    -0.000     0.000     0.000            4
  A    1  1.0000     0.000    -0.001     0.000     0.000           22.000    -0.001    -0.000    -0.000     0.000            5
  A    1  1.0000     0.000     0.000     0.001     0.000           22.000    -0.001    -0.000    -0.005     0.000            6
  A    1  1.0000     0.000     0.000    -0.001     0.000           22.000    -0.001    -0.000     0.005    -0.000            7
  A    1  1.0000     0.000     0.000     0.000     0.001           22.000    -0.001    -0.000     0.000    -0.000            8
  A    1  1.0000     0.000     0.000     0.000    -0.001           22.000    -0.001    -0.000    -0.000     0.000            9
  A    1  1.0001     0.000     0.000     0.000     0.000           22.000     0.074     0.001    -0.000    -0.000           10
  A    1  0.9999     0.000     0.000     0.000     0.000           22.000    -0.076    -0.001     0.000     0.000           11

     KPOS =  1.  Change  of  frame  at  exit  of  element.
          X =   0.000     CM   Y =   0.000     cm,  tilt  angle =   0.00000     RAD


 Cumulative length of optical axis =    8.43053571     m ;  Time  (for ref. rigidity & particle) =   2.846565E-05 s 

************************************************************************************************************************************
     28  Keyword, label(s) :  MATRIX      28                                        


  Reference, before change of frame (part #     1)  : 
   2.20025553E-10  -1.12406298E-03  -2.10102233E-02   1.82059717E-20   1.67562645E-18   8.42840718E+02   2.84584594E+01

           Frame for MATRIX calculation moved by :
            XC =    0.000 cm , YC =   -0.001 cm ,   A = -0.00120 deg  ( =-0.000021 rad )


  Reference, after change of frame (part #     1)  : 
   2.20025553E-10   0.00000000E+00   0.00000000E+00   1.82059717E-20   1.67562645E-18   8.42840718E+02   2.84584594E+01

  Reference particle (#     1), path length :   842.84072     cm  relative momentum :    1.00000    


                  TRANSFER  MATRIX  ORDRE  1  (MKSA units)

          -3.12897        -1.77391        3.252607E-16     0.00000         0.00000         7.49772    
           8.05458         4.24679        1.524659E-15     0.00000         0.00000         14.0114    
         -3.351325E-16    1.964437E-16    -5.33112        4.121517E-02     0.00000       -1.006747E-16
          2.728148E-15    8.261345E-16     6.31816       -0.236423         0.00000       -9.914847E-16
          -104.232        -56.6962         0.00000         0.00000         1.00000         9.26788    
           0.00000         0.00000         0.00000         0.00000         0.00000         1.00000    

          DetY-1 =       0.0000016687,    DetZ-1 =      -0.0000039130

          R12=0 at   0.4177     m,        R34=0 at   0.1743     m

      First order symplectic conditions (expected values = 0) :
         1.6687E-06   -3.9130E-06   -3.3208E-17   -8.0493E-17   -5.0362E-15   -1.5595E-15

************************************************************************************************************************************
     29  Keyword, label(s) :  DRIFT       				22                29                  


                              Drift,  length =     6.00000  cm

TRAJ #1 IEX,D,Y,T,Z,P,S,time :  1  2.200256E-10 -1.250124E-03 -2.101022E-02  2.825973E-20  1.675626E-18   8.4884072E+02   2.86610E+01

 Cumulative length of optical axis =    8.49053571     m   ;  Time  (for reference rigidity & particle) =   2.866824E-05 s 

************************************************************************************************************************************
     30  Keyword, label(s) :  ELMULT      	                     SEX2			23           


      -----  MULTIPOLE   : 
                Length  of  element  =    11.000000      cm
                Bore  radius      RO =    2.0000      cm
               E-DIPOLE      =  0.0000000E+00 V/m  (i.e.,   0.0000000E+00 * SCAL)
               E-QUADRUPOLE  =  0.0000000E+00 V/m  (i.e.,   0.0000000E+00 * SCAL)
               E-SEXTUPOLE   =  0.0000000E+00 V/m  (i.e.,   0.0000000E+00 * SCAL)
               E-OCTUPOLE    =  0.0000000E+00 V/m  (i.e.,   0.0000000E+00 * SCAL)
               E-DECAPOLE    =  0.0000000E+00 V/m  (i.e.,   0.0000000E+00 * SCAL)
               E-DODECAPOLE  =  0.0000000E+00 V/m  (i.e.,   0.0000000E+00 * SCAL)
               E-14-POLE     =  0.0000000E+00 V/m  (i.e.,   0.0000000E+00 * SCAL)
               E-16-POLE     =  0.0000000E+00 V/m  (i.e.,   0.0000000E+00 * SCAL)
               E-18-POLE     =  0.0000000E+00 V/m  (i.e.,   0.0000000E+00 * SCAL)
               E-20-POLE     =  0.0000000E+00 V/m  (i.e.,   0.0000000E+00 * SCAL)

               Entrance/exit field models are sharp edge
               FINTE, FINTS, gap :    0.0000E+00   0.0000E+00   0.0000E+00

                    Integration step :  0.1000     cm


                          ++++++++  ZERO  FIELD  ++++++++++
               Element  is  equivalent  to  drift  of  length     11.00000 cm

 Cumulative length of optical axis =    8.60053571     m   ;  Time  (for reference rigidity & particle) =   2.903965E-05 s 

************************************************************************************************************************************
     31  Keyword, label(s) :  DRIFT       					24               31                  


                              Drift,  length =    27.50000  cm

TRAJ #1 IEX,D,Y,T,Z,P,S,time :  1  2.200256E-10 -2.059018E-03 -2.101022E-02  9.277135E-20  1.675626E-18   8.8734072E+02   2.99610E+01

 Cumulative length of optical axis =    8.87553571     m   ;  Time  (for reference rigidity & particle) =   2.996819E-05 s 

************************************************************************************************************************************
     32  Keyword, label(s) :  DRIFT       				25                32                  


                              Drift,  length =    27.50000  cm

TRAJ #1 IEX,D,Y,T,Z,P,S,time :  1  2.200256E-10 -2.636799E-03 -2.101022E-02  1.388511E-19  1.675626E-18   9.1484072E+02   3.08895E+01

 Cumulative length of optical axis =    9.15053571     m   ;  Time  (for reference rigidity & particle) =   3.089672E-05 s 

************************************************************************************************************************************
     33  Keyword, label(s) :  ELMULT      MQ3                   26                  


      -----  MULTIPOLE   : 
                Length  of  element  =    18.500000      cm
                Bore  radius      RO =    2.0000      cm
               E-DIPOLE      =  0.0000000E+00 V/m  (i.e.,   0.0000000E+00 * SCAL)
               E-QUADRUPOLE  =  7.7634605E+02 V/m  (i.e.,   7.7634605E+02 * SCAL)
               E-SEXTUPOLE   =  0.0000000E+00 V/m  (i.e.,   0.0000000E+00 * SCAL)
               E-OCTUPOLE    =  0.0000000E+00 V/m  (i.e.,   0.0000000E+00 * SCAL)
               E-DECAPOLE    =  0.0000000E+00 V/m  (i.e.,   0.0000000E+00 * SCAL)
               E-DODECAPOLE  =  0.0000000E+00 V/m  (i.e.,   0.0000000E+00 * SCAL)
               E-14-POLE     =  0.0000000E+00 V/m  (i.e.,   0.0000000E+00 * SCAL)
               E-16-POLE     =  0.0000000E+00 V/m  (i.e.,   0.0000000E+00 * SCAL)
               E-18-POLE     =  0.0000000E+00 V/m  (i.e.,   0.0000000E+00 * SCAL)
               E-20-POLE     =  0.0000000E+00 V/m  (i.e.,   0.0000000E+00 * SCAL)

                Entrance  face  
                     with  fringe  field :
                     DX  =   0.000  CM 
                     LAMBDA-DIPOLE     =  4.000  CM
                     LAMBDA-QUADRUPOLE =  0.000  CM
                     LAMBDA-SEXTUPOLE  =  0.000  CM
                     LAMBDA-OCTUPOLE   =  0.000  CM
                     LAMBDA-DECAPOLE   =  0.000  CM
                     LAMBDA-DODECAPOLE =  0.000  CM
                     LAMBDA-14-POLE    =  0.000  CM
                     LAMBDA-16-POLE    =  0.000  CM
                     LAMBDA-18-POLE    =  0.000  CM
                     LAMBDA-20-POLE    =  0.000  CM
                    6 COEFFICIENTS :  0.29647  4.53322 -2.27098  1.06863 -0.03639  0.02226

                Exit  face  
                     with  fringe  field :
                     DX  =   0.000  CM 
                     LAMBDA-DIPOLE     =  4.000  CM
                     LAMBDA-QUADRUPOLE =  0.000  CM
                     LAMBDA-SEXTUPOLE  =  0.000  CM
                     LAMBDA-OCTUPOLE   =  0.000  CM
                     LAMBDA-DECAPOLE   =  0.000  CM
                     LAMBDA-DODECAPOLE =  0.000  CM
                     LAMBDA-14-POLE    =  0.000  CM
                     LAMBDA-16-POLE    =  0.000  CM
                     LAMBDA-18-POLE    =  0.000  CM
                     LAMBDA-20-POLE    =  0.000  CM
                    6 COEFFICIENTS :  0.29647  4.53322 -2.27098  1.06863 -0.03639  0.02226

                    Integration steps inside entrance|body|exit region : 
                                      0.00      0.617       0.00     (cm)
                                    60            30      60

  A    1  1.0000     0.000     0.000     0.000     0.000           18.500    -0.002     0.000     0.000    -0.000            1
  A    1  1.0000     0.001     0.000     0.000     0.000           18.500     0.001     0.000     0.000     0.000            2
  A    1  1.0000    -0.001     0.000     0.000     0.000           18.500    -0.004     0.000    -0.000    -0.000            3
  A    1  1.0000     0.000     0.001     0.000     0.000           18.500    -0.001     0.000     0.000    -0.000            4
  A    1  1.0000     0.000    -0.001     0.000     0.000           18.500    -0.002     0.000    -0.000    -0.000            5
  A    1  1.0000     0.000     0.000     0.001     0.000           18.500    -0.002     0.000     0.000     0.000            6
  A    1  1.0000     0.000     0.000    -0.001     0.000           18.500    -0.002     0.000    -0.000    -0.000            7
  A    1  1.0000     0.000     0.000     0.000     0.001           18.500    -0.002     0.000    -0.000    -0.000            8
  A    1  1.0000     0.000     0.000     0.000    -0.001           18.500    -0.002     0.000     0.000     0.000            9
  A    1  1.0001     0.000     0.000     0.000     0.000           18.500     0.107    -0.008    -0.000     0.000           10
  A    1  0.9999     0.000     0.000     0.000     0.000           18.500    -0.110     0.008     0.000    -0.000           11

     KPOS =  1.  Change  of  frame  at  exit  of  element.
          X =   0.000     CM   Y =   0.000     cm,  tilt  angle =   0.00000     RAD


 Cumulative length of optical axis =    9.33553571     m ;  Time  (for ref. rigidity & particle) =   3.152137E-05 s 

************************************************************************************************************************************
     34  Keyword, label(s) :  MATRIX      34                                        


  Reference, before change of frame (part #     1)  : 
   7.17960269E-09  -1.62782117E-03   1.19834704E-01   5.94439705E-20  -9.80787727E-18   9.33340718E+02   3.15141858E+01

           Frame for MATRIX calculation moved by :
            XC =    0.000 cm , YC =   -0.002 cm ,   A =  0.00687 deg  ( = 0.000120 rad )


  Reference, after change of frame (part #     1)  : 
   7.17960269E-09   0.00000000E+00   0.00000000E+00   5.94439705E-20  -9.80787727E-18   9.33340718E+02   3.15141858E+01

  Reference particle (#     1), path length :   933.34072     cm  relative momentum :    1.00000    


                  TRANSFER  MATRIX  ORDRE  1  (MKSA units)

           2.55358         1.28484        4.336809E-16     0.00000         0.00000         10.8564    
          -9.19808        -4.23642       -6.776264E-15     0.00000         0.00000        -79.9220    
          3.419196E-15    9.873547E-16    0.140402       -0.259527         0.00000       -2.545776E-16
          1.804782E-14    2.352791E-15     4.55774        -1.30241         0.00000        6.425941E-15
          -104.233        -56.6964         0.00000         0.00000         1.00000         9.26561    
           0.00000         0.00000         0.00000         0.00000         0.00000         1.00000    

          DetY-1 =      -0.0000002752,    DetZ-1 =      -0.0000058133

          R12=0 at   0.3033     m,        R34=0 at  -0.1993     m

      First order symplectic conditions (expected values = 0) :
        -2.7517E-07   -5.8133E-06    2.3070E-16   -6.7533E-16    2.6481E-16    2.6994E-15

************************************************************************************************************************************
     35  Keyword, label(s) :  DRIFT       				27                35                  


                              Drift,  length =    10.00000  cm

TRAJ #1 IEX,D,Y,T,Z,P,S,time :  1  7.179603E-09 -4.294741E-04  1.198347E-01 -3.863480E-20 -9.807877E-18   9.4334072E+02   3.18518E+01

 Cumulative length of optical axis =    9.43553571     m   ;  Time  (for reference rigidity & particle) =   3.185902E-05 s 

************************************************************************************************************************************
     36  Keyword, label(s) :  ELMULT      MQ4                   28                  


      -----  MULTIPOLE   : 
                Length  of  element  =    18.500000      cm
                Bore  radius      RO =    2.0000      cm
               E-DIPOLE      =  0.0000000E+00 V/m  (i.e.,   0.0000000E+00 * SCAL)
               E-QUADRUPOLE  = -6.7724347E+02 V/m  (i.e.,  -6.7724347E+02 * SCAL)
               E-SEXTUPOLE   =  0.0000000E+00 V/m  (i.e.,   0.0000000E+00 * SCAL)
               E-OCTUPOLE    =  0.0000000E+00 V/m  (i.e.,   0.0000000E+00 * SCAL)
               E-DECAPOLE    =  0.0000000E+00 V/m  (i.e.,   0.0000000E+00 * SCAL)
               E-DODECAPOLE  =  0.0000000E+00 V/m  (i.e.,   0.0000000E+00 * SCAL)
               E-14-POLE     =  0.0000000E+00 V/m  (i.e.,   0.0000000E+00 * SCAL)
               E-16-POLE     =  0.0000000E+00 V/m  (i.e.,   0.0000000E+00 * SCAL)
               E-18-POLE     =  0.0000000E+00 V/m  (i.e.,   0.0000000E+00 * SCAL)
               E-20-POLE     =  0.0000000E+00 V/m  (i.e.,   0.0000000E+00 * SCAL)

                Entrance  face  
                     with  fringe  field :
                     DX  =   0.000  CM 
                     LAMBDA-DIPOLE     =  4.000  CM
                     LAMBDA-QUADRUPOLE =  0.000  CM
                     LAMBDA-SEXTUPOLE  =  0.000  CM
                     LAMBDA-OCTUPOLE   =  0.000  CM
                     LAMBDA-DECAPOLE   =  0.000  CM
                     LAMBDA-DODECAPOLE =  0.000  CM
                     LAMBDA-14-POLE    =  0.000  CM
                     LAMBDA-16-POLE    =  0.000  CM
                     LAMBDA-18-POLE    =  0.000  CM
                     LAMBDA-20-POLE    =  0.000  CM
                    6 COEFFICIENTS :  0.29647  4.53322 -2.27098  1.06863 -0.03639  0.02226

                Exit  face  
                     with  fringe  field :
                     DX  =   0.000  CM 
                     LAMBDA-DIPOLE     =  4.000  CM
                     LAMBDA-QUADRUPOLE =  0.000  CM
                     LAMBDA-SEXTUPOLE  =  0.000  CM
                     LAMBDA-OCTUPOLE   =  0.000  CM
                     LAMBDA-DECAPOLE   =  0.000  CM
                     LAMBDA-DODECAPOLE =  0.000  CM
                     LAMBDA-14-POLE    =  0.000  CM
                     LAMBDA-16-POLE    =  0.000  CM
                     LAMBDA-18-POLE    =  0.000  CM
                     LAMBDA-20-POLE    =  0.000  CM
                    6 COEFFICIENTS :  0.29647  4.53322 -2.27098  1.06863 -0.03639  0.02226

                    Integration steps inside entrance|body|exit region : 
                                      0.00      0.617       0.00     (cm)
                                    60            30      60

  A    1  1.0000     0.000     0.000     0.000     0.000           18.500     0.002     0.000    -0.000    -0.000            1
  A    1  1.0000     0.001     0.000     0.000     0.000           18.500     0.002     0.000     0.000    -0.000            2
  A    1  1.0000    -0.001     0.000     0.000     0.000           18.500     0.001     0.000    -0.000     0.000            3
  A    1  1.0000     0.000     0.001     0.000     0.000           18.500     0.002     0.000    -0.000    -0.000            4
  A    1  1.0000     0.000    -0.001     0.000     0.000           18.500     0.002     0.000    -0.000    -0.000            5
  A    1  1.0000     0.000     0.000     0.001     0.000           18.500     0.002     0.000     0.001    -0.000            6
  A    1  1.0000     0.000     0.000    -0.001     0.000           18.500     0.002     0.000    -0.001     0.000            7
  A    1  1.0000     0.000     0.000     0.000     0.001           18.500     0.002     0.000    -0.000     0.000            8
  A    1  1.0000     0.000     0.000     0.000    -0.001           18.500     0.002     0.000     0.000    -0.000            9
  A    1  1.0001     0.000     0.000     0.000     0.000           18.500    -0.127    -0.010     0.000     0.000           10
  A    1  0.9999     0.000     0.000     0.000     0.000           18.500     0.131     0.011    -0.000    -0.000           11

     KPOS =  1.  Change  of  frame  at  exit  of  element.
          X =   0.000     CM   Y =   0.000     cm,  tilt  angle =   0.00000     RAD


 Cumulative length of optical axis =    9.62053571     m ;  Time  (for ref. rigidity & particle) =   3.248367E-05 s 

************************************************************************************************************************************
     37  Keyword, label(s) :  MATRIX      37                                        


  Reference, before change of frame (part #     1)  : 
   1.22147410E-08   1.93731916E-03   1.56303561E-01  -1.82311688E-19  -4.74487221E-18   9.61840718E+02   3.24764863E+01

           Frame for MATRIX calculation moved by :
            XC =    0.000 cm , YC =    0.002 cm ,   A =  0.00896 deg  ( = 0.000156 rad )


  Reference, after change of frame (part #     1)  : 
   1.22147410E-08   0.00000000E+00   0.00000000E+00  -1.82311688E-19  -4.74487221E-18   9.61840718E+02   3.24764863E+01

  Reference particle (#     1), path length :   961.84072     cm  relative momentum :    1.00000    


                  TRANSFER  MATRIX  ORDRE  1  (MKSA units)

          0.499191        0.395497       -2.276825E-15     0.00000         0.00000        -12.9214    
          -4.03925        -1.19696       -1.355253E-14     0.00000         0.00000        -104.245    
          5.680198E-15    1.042856E-15     1.04459       -0.420214         0.00000        1.318217E-15
         -1.350144E-14   -3.908569E-15   -0.106588         1.00018         0.00000        3.214206E-15
          -104.233        -56.6964         0.00000         0.00000         1.00000         9.26585    
           0.00000         0.00000         0.00000         0.00000         0.00000         1.00000    

          DetY-1 =      -0.0000017107,    DetZ-1 =      -0.0000072557

          R12=0 at   0.3304     m,        R34=0 at   0.4201     m

      First order symplectic conditions (expected values = 0) :
        -1.7107E-06   -7.2557E-06    7.7432E-18   -5.9939E-16    2.4639E-15    4.1136E-15

************************************************************************************************************************************
     38  Keyword, label(s) :  DRIFT       				29                38                  


                              Drift,  length =    42.00000  cm

TRAJ #1 IEX,D,Y,T,Z,P,S,time :  1  1.221474E-08  8.502069E-03  1.563036E-01 -3.815963E-19 -4.744872E-18   1.0038407E+03   3.38946E+01

 Cumulative length of optical axis =    10.0405357     m   ;  Time  (for reference rigidity & particle) =   3.390180E-05 s 

************************************************************************************************************************************
     39  Keyword, label(s) :  MATRIX      39                                        


  Reference, before change of frame (part #     1)  : 
   1.22147410E-08   8.50206879E-03   1.56303561E-01  -3.81596324E-19  -4.74487221E-18   1.00384072E+03   3.38946135E+01

           Frame for MATRIX calculation moved by :
            XC =    0.000 cm , YC =    0.009 cm ,   A =  0.00896 deg  ( = 0.000156 rad )


  Reference, after change of frame (part #     1)  : 
   1.22147410E-08   0.00000000E+00   0.00000000E+00  -3.81596324E-19  -4.74487221E-18   1.00384072E+03   3.38946135E+01

  Reference particle (#     1), path length :   1003.8407     cm  relative momentum :    1.00000    


                  TRANSFER  MATRIX  ORDRE  1  (MKSA units)

          -1.19730       -0.107228       -7.806256E-15     0.00000         0.00000        -56.7058    
          -4.03925        -1.19696       -1.355253E-14     0.00000         0.00000        -104.245    
          9.594757E-18   -5.987429E-16    0.999825       -1.372655E-04     0.00000        2.668257E-15
         -1.350144E-14   -3.908569E-15   -0.106588         1.00018         0.00000        3.214206E-15
          -104.233        -56.6964         0.00000         0.00000         1.00000         9.26557    
           0.00000         0.00000         0.00000         0.00000         0.00000         1.00000    

          DetY-1 =      -0.0000017096,    DetZ-1 =      -0.0000072557

          R12=0 at  -0.8958E-01 m,        R34=0 at   0.1372E-03 m

      First order symplectic conditions (expected values = 0) :
        -1.7096E-06   -7.2557E-06    7.7432E-18   -5.9939E-16    1.8070E-15    3.9189E-15

************************************************************************************************************************************
     40  Keyword, label(s) :  QUADRUPO    MQ0                   30                  


      -----  QUADRUPOLE  : 
                Length  of  element  =   1.00000000E-06  cm
                Bore  radius      RO =    2.0000      cm
               B-QUADRUPOLE  =  1.0000000E-12 kG   (i.e.,   1.0000000E-12 * SCAL)

               Entrance/exit field models are sharp edge
               FINTE, FINTS, gap :    0.0000E+00   0.0000E+00   1.0000E+00

                    Integration step :   1.000     cm

  A    1  1.0000     0.000     0.000     0.000     0.000            0.000     0.009     0.000    -0.000    -0.000            1
  A    1  1.0000     0.001     0.000     0.000     0.000            0.000     0.007     0.000    -0.000    -0.000            2
  A    1  1.0000    -0.001     0.000     0.000     0.000            0.000     0.010     0.000    -0.000     0.000            3
  A    1  1.0000     0.000     0.001     0.000     0.000            0.000     0.008     0.000    -0.000    -0.000            4
  A    1  1.0000     0.000    -0.001     0.000     0.000            0.000     0.009     0.000    -0.000    -0.000            5
  A    1  1.0000     0.000     0.000     0.001     0.000            0.000     0.008     0.000     0.001    -0.000            6
  A    1  1.0000     0.000     0.000    -0.001     0.000            0.000     0.008     0.000    -0.001     0.000            7
  A    1  1.0000     0.000     0.000     0.000     0.001            0.000     0.009     0.000    -0.000     0.000            8
  A    1  1.0000     0.000     0.000     0.000    -0.001            0.000     0.009     0.000     0.000    -0.000            9
  A    1  1.0001     0.000     0.000     0.000     0.000            0.000    -0.558    -0.010     0.000     0.000           10
  A    1  0.9999     0.000     0.000     0.000     0.000            0.000     0.576     0.011    -0.000    -0.000           11

     KPOS =  1.  Change  of  frame  at  exit  of  element.
          X =   0.000     CM   Y =   0.000     cm,  tilt  angle =   0.00000     RAD


 Cumulative length of optical axis =    10.0405357     m ;  Time  (for ref. rigidity & particle) =   3.390180E-05 s 

************************************************************************************************************************************
     41  Keyword, label(s) :  END                                                   


                            11 particles have been launched
                     Made  it  to  the  end :     11

************************************************************************************************************************************
 Pgm zgoubi : Execution ended normally, upon keyword END or FIN
   
            ZGOUBI RUN COMPLETED. 

  Zgoubi, author's dvlpmnt version.
  Job  started  on  14-12-2019,  at  00:07:30 
  JOB  ENDED  ON    14-12-2019,  AT  00:07:31 

   CPU time, total :     2.2436999999999999E-002
